#! /c/Source/iverilog-install/bin/vvp
:ivl_version "12.0 (devel)" "(s20150603-1539-g2693dd32b)";
:ivl_delay_selection "TYPICAL";
:vpi_time_precision + 0;
:vpi_module "C:\iverilog\lib\ivl\system.vpi";
:vpi_module "C:\iverilog\lib\ivl\vhdl_sys.vpi";
:vpi_module "C:\iverilog\lib\ivl\vhdl_textio.vpi";
:vpi_module "C:\iverilog\lib\ivl\v2005_math.vpi";
:vpi_module "C:\iverilog\lib\ivl\va_math.vpi";
S_000001ea74636740 .scope module, "binary_bcd" "binary_bcd" 2 1;
 .timescale 0 0;
    .port_info 0 /INPUT 7 "bin";
    .port_info 1 /OUTPUT 8 "bcd";
v000001ea746368d0_0 .var "bcd", 7 0;
o000001ea7468cf98 .functor BUFZ 7, C4<zzzzzzz>; HiZ drive
v000001ea74636970_0 .net "bin", 6 0, o000001ea7468cf98;  0 drivers
v000001ea74636a10_0 .var "temp", 6 0;
E_000001ea7463a270 .event anyedge, v000001ea74636970_0, v000001ea74636a10_0;
    .scope S_000001ea74636740;
T_0 ;
    %wait E_000001ea7463a270;
    %pushi/vec4 0, 0, 32;
    %load/vec4 v000001ea74636970_0;
    %pad/u 32;
    %cmp/u;
    %flag_get/vec4 4;
    %flag_get/vec4 5;
    %or;
    %load/vec4 v000001ea74636970_0;
    %pad/u 32;
    %cmpi/u 10, 0, 32;
    %flag_get/vec4 5;
    %and;
    %flag_set/vec4 8;
    %jmp/0xz  T_0.0, 8;
    %load/vec4 v000001ea74636970_0;
    %store/vec4 v000001ea74636a10_0, 0, 7;
    %pushi/vec4 0, 0, 4;
    %load/vec4 v000001ea74636a10_0;
    %parti/s 4, 0, 2;
    %concat/vec4; draw_concat_vec4
    %store/vec4 v000001ea746368d0_0, 0, 8;
T_0.0 ;
    %pushi/vec4 10, 0, 32;
    %load/vec4 v000001ea74636970_0;
    %pad/u 32;
    %cmp/u;
    %flag_get/vec4 4;
    %flag_get/vec4 5;
    %or;
    %load/vec4 v000001ea74636970_0;
    %pad/u 32;
    %cmpi/u 20, 0, 32;
    %flag_get/vec4 5;
    %and;
    %flag_set/vec4 8;
    %jmp/0xz  T_0.2, 8;
    %load/vec4 v000001ea74636970_0;
    %subi 10, 0, 7;
    %store/vec4 v000001ea74636a10_0, 0, 7;
    %pushi/vec4 1, 0, 4;
    %load/vec4 v000001ea74636a10_0;
    %parti/s 4, 0, 2;
    %concat/vec4; draw_concat_vec4
    %store/vec4 v000001ea746368d0_0, 0, 8;
T_0.2 ;
    %pushi/vec4 20, 0, 32;
    %load/vec4 v000001ea74636970_0;
    %pad/u 32;
    %cmp/u;
    %flag_get/vec4 4;
    %flag_get/vec4 5;
    %or;
    %load/vec4 v000001ea74636970_0;
    %pad/u 32;
    %cmpi/u 30, 0, 32;
    %flag_get/vec4 5;
    %and;
    %flag_set/vec4 8;
    %jmp/0xz  T_0.4, 8;
    %load/vec4 v000001ea74636970_0;
    %subi 20, 0, 7;
    %store/vec4 v000001ea74636a10_0, 0, 7;
    %pushi/vec4 2, 0, 4;
    %load/vec4 v000001ea74636a10_0;
    %concat/vec4; draw_concat_vec4
    %pad/u 8;
    %store/vec4 v000001ea746368d0_0, 0, 8;
T_0.4 ;
    %pushi/vec4 30, 0, 32;
    %load/vec4 v000001ea74636970_0;
    %pad/u 32;
    %cmp/u;
    %flag_get/vec4 4;
    %flag_get/vec4 5;
    %or;
    %load/vec4 v000001ea74636970_0;
    %pad/u 32;
    %cmpi/u 40, 0, 32;
    %flag_get/vec4 5;
    %and;
    %flag_set/vec4 8;
    %jmp/0xz  T_0.6, 8;
    %load/vec4 v000001ea74636970_0;
    %subi 30, 0, 7;
    %store/vec4 v000001ea74636a10_0, 0, 7;
    %pushi/vec4 3, 0, 4;
    %load/vec4 v000001ea74636a10_0;
    %concat/vec4; draw_concat_vec4
    %pad/u 8;
    %store/vec4 v000001ea746368d0_0, 0, 8;
T_0.6 ;
    %pushi/vec4 40, 0, 32;
    %load/vec4 v000001ea74636970_0;
    %pad/u 32;
    %cmp/u;
    %flag_get/vec4 4;
    %flag_get/vec4 5;
    %or;
    %load/vec4 v000001ea74636970_0;
    %pad/u 32;
    %cmpi/u 50, 0, 32;
    %flag_get/vec4 5;
    %and;
    %flag_set/vec4 8;
    %jmp/0xz  T_0.8, 8;
    %load/vec4 v000001ea74636970_0;
    %subi 40, 0, 7;
    %store/vec4 v000001ea74636a10_0, 0, 7;
    %pushi/vec4 4, 0, 4;
    %load/vec4 v000001ea74636a10_0;
    %concat/vec4; draw_concat_vec4
    %pad/u 8;
    %store/vec4 v000001ea746368d0_0, 0, 8;
T_0.8 ;
    %pushi/vec4 50, 0, 32;
    %load/vec4 v000001ea74636970_0;
    %pad/u 32;
    %cmp/u;
    %flag_get/vec4 4;
    %flag_get/vec4 5;
    %or;
    %load/vec4 v000001ea74636970_0;
    %pad/u 32;
    %cmpi/u 60, 0, 32;
    %flag_get/vec4 5;
    %and;
    %flag_set/vec4 8;
    %jmp/0xz  T_0.10, 8;
    %load/vec4 v000001ea74636970_0;
    %subi 50, 0, 7;
    %store/vec4 v000001ea74636a10_0, 0, 7;
    %pushi/vec4 5, 0, 4;
    %load/vec4 v000001ea74636a10_0;
    %concat/vec4; draw_concat_vec4
    %pad/u 8;
    %store/vec4 v000001ea746368d0_0, 0, 8;
T_0.10 ;
    %pushi/vec4 60, 0, 32;
    %load/vec4 v000001ea74636970_0;
    %pad/u 32;
    %cmp/u;
    %flag_get/vec4 4;
    %flag_get/vec4 5;
    %or;
    %load/vec4 v000001ea74636970_0;
    %pad/u 32;
    %cmpi/u 70, 0, 32;
    %flag_get/vec4 5;
    %and;
    %flag_set/vec4 8;
    %jmp/0xz  T_0.12, 8;
    %load/vec4 v000001ea74636970_0;
    %subi 60, 0, 7;
    %store/vec4 v000001ea74636a10_0, 0, 7;
    %pushi/vec4 6, 0, 4;
    %load/vec4 v000001ea74636a10_0;
    %concat/vec4; draw_concat_vec4
    %pad/u 8;
    %store/vec4 v000001ea746368d0_0, 0, 8;
T_0.12 ;
    %pushi/vec4 70, 0, 32;
    %load/vec4 v000001ea74636970_0;
    %pad/u 32;
    %cmp/u;
    %flag_get/vec4 4;
    %flag_get/vec4 5;
    %or;
    %load/vec4 v000001ea74636970_0;
    %pad/u 32;
    %cmpi/u 80, 0, 32;
    %flag_get/vec4 5;
    %and;
    %flag_set/vec4 8;
    %jmp/0xz  T_0.14, 8;
    %load/vec4 v000001ea74636970_0;
    %pad/u 8;
    %subi 70, 0, 8;
    %pad/u 7;
    %store/vec4 v000001ea74636a10_0, 0, 7;
    %pushi/vec4 7, 0, 4;
    %load/vec4 v000001ea74636a10_0;
    %concat/vec4; draw_concat_vec4
    %pad/u 8;
    %store/vec4 v000001ea746368d0_0, 0, 8;
T_0.14 ;
    %pushi/vec4 80, 0, 32;
    %load/vec4 v000001ea74636970_0;
    %pad/u 32;
    %cmp/u;
    %flag_get/vec4 4;
    %flag_get/vec4 5;
    %or;
    %load/vec4 v000001ea74636970_0;
    %pad/u 32;
    %cmpi/u 90, 0, 32;
    %flag_get/vec4 5;
    %and;
    %flag_set/vec4 8;
    %jmp/0xz  T_0.16, 8;
    %load/vec4 v000001ea74636970_0;
    %pad/u 8;
    %subi 80, 0, 8;
    %pad/u 7;
    %store/vec4 v000001ea74636a10_0, 0, 7;
    %pushi/vec4 8, 0, 4;
    %load/vec4 v000001ea74636a10_0;
    %concat/vec4; draw_concat_vec4
    %pad/u 8;
    %store/vec4 v000001ea746368d0_0, 0, 8;
T_0.16 ;
    %pushi/vec4 90, 0, 32;
    %load/vec4 v000001ea74636970_0;
    %pad/u 32;
    %cmp/u;
    %flag_get/vec4 4;
    %flag_get/vec4 5;
    %or;
    %load/vec4 v000001ea74636970_0;
    %pad/u 32;
    %cmpi/u 100, 0, 32;
    %flag_get/vec4 5;
    %and;
    %flag_set/vec4 8;
    %jmp/0xz  T_0.18, 8;
    %load/vec4 v000001ea74636970_0;
    %pad/u 8;
    %subi 90, 0, 8;
    %pad/u 7;
    %store/vec4 v000001ea74636a10_0, 0, 7;
    %pushi/vec4 9, 0, 4;
    %load/vec4 v000001ea74636a10_0;
    %concat/vec4; draw_concat_vec4
    %pad/u 8;
    %store/vec4 v000001ea746368d0_0, 0, 8;
T_0.18 ;
    %jmp T_0;
    .thread T_0, $push;
# The file index is used to find the file name in the following table.
:file_names 3;
    "N/A";
    "<interactive>";
    "binary_bcd.v";
