#! /c/Source/iverilog-install/bin/vvp
:ivl_version "12.0 (devel)" "(s20150603-1539-g2693dd32b)";
:ivl_delay_selection "TYPICAL";
:vpi_time_precision - 10;
:vpi_module "C:\iverilog\lib\ivl\system.vpi";
:vpi_module "C:\iverilog\lib\ivl\vhdl_sys.vpi";
:vpi_module "C:\iverilog\lib\ivl\vhdl_textio.vpi";
:vpi_module "C:\iverilog\lib\ivl\v2005_math.vpi";
:vpi_module "C:\iverilog\lib\ivl\va_math.vpi";
S_00000220df1c4ac0 .scope module, "control_fsm" "control_fsm" 2 6;
 .timescale -9 -10;
    .port_info 0 /INPUT 1 "entry_sensor";
    .port_info 1 /INPUT 1 "exit_sensor";
    .port_info 2 /INPUT 2 "vacant_parking";
    .port_info 3 /INPUT 1 "CLK";
    .port_info 4 /INPUT 1 "RESET";
    .port_info 5 /OUTPUT 3 "capacity";
    .port_info 6 /OUTPUT 2 "best_location";
    .port_info 7 /OUTPUT 4 "parkings";
    .port_info 8 /OUTPUT 1 "door_open_signal";
    .port_info 9 /OUTPUT 1 "full_signal";
P_00000220def26670 .param/l "ASSIGN_PARKING" 0 2 21, C4<11>;
P_00000220def266a8 .param/l "DOOR_OPEN" 0 2 21, C4<01>;
P_00000220def266e0 .param/l "FULL" 0 2 21, C4<10>;
P_00000220def26718 .param/l "IDLE" 0 2 21, C4<00>;
L_00000220df1d7880 .functor AND 1, L_00000220df23eac0, L_00000220df23e480, C4<1>, C4<1>;
L_00000220df1d7490 .functor AND 1, L_00000220df1d7880, L_00000220df23e520, C4<1>, C4<1>;
L_00000220df1d7ea0 .functor AND 1, L_00000220df1d7490, L_00000220df23f880, C4<1>, C4<1>;
L_00000220df1d7f10 .functor OR 1, L_00000220df23da80, L_00000220df23db20, C4<0>, C4<0>;
L_00000220df1d7dc0 .functor OR 1, L_00000220df1d7f10, L_00000220df23de40, C4<0>, C4<0>;
L_00000220df1d78f0 .functor OR 1, L_00000220df1d7dc0, L_00000220df23e5c0, C4<0>, C4<0>;
L_00000220df1d7d50 .functor NOT 1, L_00000220df1d78f0, C4<0>, C4<0>, C4<0>;
L_00000220df1d8220 .functor BUFZ 1, L_00000220df1d7d50, C4<0>, C4<0>, C4<0>;
L_00000220df1d75e0 .functor NOT 1, L_00000220df23e660, C4<0>, C4<0>, C4<0>;
L_00000220df1d8060 .functor NOT 1, L_00000220df23e7a0, C4<0>, C4<0>, C4<0>;
L_00000220df1d7e30 .functor AND 1, L_00000220df1d75e0, L_00000220df1d8060, C4<1>, C4<1>;
L_00000220df1d7ab0 .functor AND 1, L_00000220df1d7e30, L_00000220df23f060, C4<1>, C4<1>;
L_00000220df1d7500 .functor NOT 1, L_00000220df23f100, C4<0>, C4<0>, C4<0>;
L_00000220df1d7960 .functor NOT 1, L_00000220df23e980, C4<0>, C4<0>, C4<0>;
L_00000220df1d7b90 .functor AND 1, L_00000220df1d7500, L_00000220df1d7960, C4<1>, C4<1>;
L_00000220df1d7c00 .functor AND 1, L_00000220df1d7b90, L_00000220df23ed40, C4<1>, C4<1>;
L_00000220df1d7f80 .functor OR 1, L_00000220df1d7ab0, L_00000220df1d7c00, C4<0>, C4<0>;
L_00000220df1d81b0 .functor NOT 1, L_00000220df240d90, C4<0>, C4<0>, C4<0>;
L_00000220df1d79d0 .functor AND 1, L_00000220df23ede0, L_00000220df1d81b0, C4<1>, C4<1>;
L_00000220df1d7a40 .functor NOT 1, L_00000220df242190, C4<0>, C4<0>, C4<0>;
L_00000220df1d7570 .functor AND 1, L_00000220df1d79d0, L_00000220df1d7a40, C4<1>, C4<1>;
L_00000220df1d80d0 .functor OR 1, L_00000220df1d7f80, L_00000220df1d7570, C4<0>, C4<0>;
L_00000220df243340 .functor NOT 1, L_00000220df242050, C4<0>, C4<0>, C4<0>;
L_00000220df242a80 .functor AND 1, L_00000220df241650, L_00000220df243340, C4<1>, C4<1>;
L_00000220df243420 .functor NOT 1, L_00000220df241fb0, C4<0>, C4<0>, C4<0>;
L_00000220df2429a0 .functor AND 1, L_00000220df242a80, L_00000220df243420, C4<1>, C4<1>;
L_00000220df242850 .functor OR 1, L_00000220df1d80d0, L_00000220df2429a0, C4<0>, C4<0>;
L_00000220df2430a0 .functor NOT 1, L_00000220df242230, C4<0>, C4<0>, C4<0>;
L_00000220df242e00 .functor AND 1, L_00000220df2430a0, L_00000220df241d30, C4<1>, C4<1>;
L_00000220df243490 .functor NOT 1, L_00000220df240e30, C4<0>, C4<0>, C4<0>;
L_00000220df243110 .functor AND 1, L_00000220df242e00, L_00000220df243490, C4<1>, C4<1>;
L_00000220df243180 .functor OR 1, L_00000220df242850, L_00000220df243110, C4<0>, C4<0>;
L_00000220df242700 .functor NOT 1, L_00000220df240a70, C4<0>, C4<0>, C4<0>;
L_00000220df243260 .functor AND 1, L_00000220df242700, L_00000220df240930, C4<1>, C4<1>;
L_00000220df242620 .functor NOT 1, L_00000220df2407f0, C4<0>, C4<0>, C4<0>;
L_00000220df243030 .functor AND 1, L_00000220df243260, L_00000220df242620, C4<1>, C4<1>;
L_00000220df243500 .functor OR 1, L_00000220df243180, L_00000220df243030, C4<0>, C4<0>;
L_00000220df242690 .functor XOR 1, L_00000220df240750, L_00000220df241330, C4<0>, C4<0>;
L_00000220df242930 .functor XOR 1, L_00000220df240890, L_00000220df240ed0, C4<0>, C4<0>;
L_00000220df242770 .functor OR 1, L_00000220df242690, L_00000220df242930, C4<0>, C4<0>;
L_00000220df2427e0 .functor AND 1, L_00000220df241ab0, L_00000220df241830, C4<1>, C4<1>;
L_00000220df2428c0 .functor NOT 1, L_00000220df241470, C4<0>, C4<0>, C4<0>;
L_00000220df242a10 .functor AND 1, L_00000220df2428c0, L_00000220df2420f0, C4<1>, C4<1>;
L_00000220df242af0 .functor AND 1, L_00000220df2422d0, L_00000220df241f10, C4<1>, C4<1>;
L_00000220df2433b0 .functor OR 1, L_00000220df242a10, L_00000220df242af0, C4<0>, C4<0>;
o00000220df1e5888 .functor BUFZ 1, C4<z>; HiZ drive
v00000220df1c2d50_0 .net "CLK", 0 0, o00000220df1e5888;  0 drivers
o00000220df1e58b8 .functor BUFZ 1, C4<z>; HiZ drive
v00000220df1c19f0_0 .net "RESET", 0 0, o00000220df1e58b8;  0 drivers
v00000220df1c11d0_0 .net *"_ivl_1", 0 0, L_00000220df23eac0;  1 drivers
v00000220df1c2df0_0 .net *"_ivl_100", 0 0, L_00000220df2430a0;  1 drivers
v00000220df1c2f30_0 .net *"_ivl_103", 0 0, L_00000220df241d30;  1 drivers
v00000220df1c2e90_0 .net *"_ivl_104", 0 0, L_00000220df242e00;  1 drivers
v00000220df1c2fd0_0 .net *"_ivl_107", 0 0, L_00000220df240e30;  1 drivers
v00000220df1c3070_0 .net *"_ivl_108", 0 0, L_00000220df243490;  1 drivers
v00000220df23c880_0 .net *"_ivl_11", 0 0, L_00000220df23f880;  1 drivers
v00000220df23ba20_0 .net *"_ivl_110", 0 0, L_00000220df243110;  1 drivers
v00000220df23cb00_0 .net *"_ivl_112", 0 0, L_00000220df243180;  1 drivers
v00000220df23c560_0 .net *"_ivl_115", 0 0, L_00000220df240a70;  1 drivers
v00000220df23c920_0 .net *"_ivl_116", 0 0, L_00000220df242700;  1 drivers
v00000220df23bf20_0 .net *"_ivl_119", 0 0, L_00000220df240930;  1 drivers
v00000220df23c740_0 .net *"_ivl_120", 0 0, L_00000220df243260;  1 drivers
v00000220df23b700_0 .net *"_ivl_123", 0 0, L_00000220df2407f0;  1 drivers
v00000220df23bd40_0 .net *"_ivl_124", 0 0, L_00000220df242620;  1 drivers
v00000220df23bfc0_0 .net *"_ivl_126", 0 0, L_00000220df243030;  1 drivers
v00000220df23b8e0_0 .net *"_ivl_128", 0 0, L_00000220df243500;  1 drivers
v00000220df23d320_0 .net *"_ivl_134", 0 0, L_00000220df240750;  1 drivers
v00000220df23c600_0 .net *"_ivl_136", 0 0, L_00000220df241330;  1 drivers
v00000220df23cba0_0 .net *"_ivl_137", 0 0, L_00000220df242690;  1 drivers
v00000220df23c9c0_0 .net *"_ivl_140", 0 0, L_00000220df240890;  1 drivers
v00000220df23bb60_0 .net *"_ivl_142", 0 0, L_00000220df240ed0;  1 drivers
v00000220df23d000_0 .net *"_ivl_143", 0 0, L_00000220df242930;  1 drivers
v00000220df23d3c0_0 .net *"_ivl_145", 0 0, L_00000220df242770;  1 drivers
v00000220df23ca60_0 .net *"_ivl_15", 0 0, L_00000220df23da80;  1 drivers
v00000220df23cc40_0 .net *"_ivl_150", 0 0, L_00000220df241ab0;  1 drivers
v00000220df23d140_0 .net *"_ivl_152", 0 0, L_00000220df241830;  1 drivers
v00000220df23c7e0_0 .net *"_ivl_153", 0 0, L_00000220df2427e0;  1 drivers
v00000220df23c6a0_0 .net *"_ivl_159", 0 0, L_00000220df241470;  1 drivers
v00000220df23cce0_0 .net *"_ivl_160", 0 0, L_00000220df2428c0;  1 drivers
v00000220df23be80_0 .net *"_ivl_163", 0 0, L_00000220df2420f0;  1 drivers
v00000220df23cd80_0 .net *"_ivl_164", 0 0, L_00000220df242a10;  1 drivers
v00000220df23ce20_0 .net *"_ivl_167", 0 0, L_00000220df2422d0;  1 drivers
v00000220df23cec0_0 .net *"_ivl_169", 0 0, L_00000220df241f10;  1 drivers
v00000220df23cf60_0 .net *"_ivl_17", 0 0, L_00000220df23db20;  1 drivers
v00000220df23d0a0_0 .net *"_ivl_170", 0 0, L_00000220df242af0;  1 drivers
v00000220df23d1e0_0 .net *"_ivl_172", 0 0, L_00000220df2433b0;  1 drivers
v00000220df23d280_0 .net *"_ivl_18", 0 0, L_00000220df1d7f10;  1 drivers
v00000220df23c4c0_0 .net *"_ivl_21", 0 0, L_00000220df23de40;  1 drivers
v00000220df23d460_0 .net *"_ivl_22", 0 0, L_00000220df1d7dc0;  1 drivers
v00000220df23b660_0 .net *"_ivl_25", 0 0, L_00000220df23e5c0;  1 drivers
v00000220df23b5c0_0 .net *"_ivl_26", 0 0, L_00000220df1d78f0;  1 drivers
v00000220df23b7a0_0 .net *"_ivl_3", 0 0, L_00000220df23e480;  1 drivers
v00000220df23bac0_0 .net *"_ivl_33", 0 0, L_00000220df1d8220;  1 drivers
v00000220df23b840_0 .net *"_ivl_37", 0 0, L_00000220df23e660;  1 drivers
v00000220df23bc00_0 .net *"_ivl_38", 0 0, L_00000220df1d75e0;  1 drivers
v00000220df23bde0_0 .net *"_ivl_4", 0 0, L_00000220df1d7880;  1 drivers
v00000220df23b980_0 .net *"_ivl_41", 0 0, L_00000220df23e7a0;  1 drivers
v00000220df23bca0_0 .net *"_ivl_42", 0 0, L_00000220df1d8060;  1 drivers
v00000220df23c060_0 .net *"_ivl_44", 0 0, L_00000220df1d7e30;  1 drivers
v00000220df23c100_0 .net *"_ivl_47", 0 0, L_00000220df23f060;  1 drivers
v00000220df23c2e0_0 .net *"_ivl_48", 0 0, L_00000220df1d7ab0;  1 drivers
v00000220df23c1a0_0 .net *"_ivl_51", 0 0, L_00000220df23f100;  1 drivers
v00000220df23c240_0 .net *"_ivl_52", 0 0, L_00000220df1d7500;  1 drivers
v00000220df23c380_0 .net *"_ivl_55", 0 0, L_00000220df23e980;  1 drivers
v00000220df23c420_0 .net *"_ivl_56", 0 0, L_00000220df1d7960;  1 drivers
v00000220df23f240_0 .net *"_ivl_58", 0 0, L_00000220df1d7b90;  1 drivers
v00000220df23e0c0_0 .net *"_ivl_61", 0 0, L_00000220df23ed40;  1 drivers
v00000220df23ec00_0 .net *"_ivl_62", 0 0, L_00000220df1d7c00;  1 drivers
v00000220df23dbc0_0 .net *"_ivl_64", 0 0, L_00000220df1d7f80;  1 drivers
v00000220df23e840_0 .net *"_ivl_67", 0 0, L_00000220df23ede0;  1 drivers
v00000220df23dd00_0 .net *"_ivl_69", 0 0, L_00000220df240d90;  1 drivers
v00000220df23f420_0 .net *"_ivl_7", 0 0, L_00000220df23e520;  1 drivers
v00000220df23ee80_0 .net *"_ivl_70", 0 0, L_00000220df1d81b0;  1 drivers
v00000220df23f1a0_0 .net *"_ivl_72", 0 0, L_00000220df1d79d0;  1 drivers
v00000220df23f2e0_0 .net *"_ivl_75", 0 0, L_00000220df242190;  1 drivers
v00000220df23ea20_0 .net *"_ivl_76", 0 0, L_00000220df1d7a40;  1 drivers
v00000220df23df80_0 .net *"_ivl_78", 0 0, L_00000220df1d7570;  1 drivers
v00000220df23dc60_0 .net *"_ivl_8", 0 0, L_00000220df1d7490;  1 drivers
v00000220df23dda0_0 .net *"_ivl_80", 0 0, L_00000220df1d80d0;  1 drivers
v00000220df23e020_0 .net *"_ivl_83", 0 0, L_00000220df241650;  1 drivers
v00000220df23f380_0 .net *"_ivl_85", 0 0, L_00000220df242050;  1 drivers
v00000220df23d9e0_0 .net *"_ivl_86", 0 0, L_00000220df243340;  1 drivers
v00000220df23e200_0 .net *"_ivl_88", 0 0, L_00000220df242a80;  1 drivers
v00000220df23f4c0_0 .net *"_ivl_91", 0 0, L_00000220df241fb0;  1 drivers
v00000220df23f560_0 .net *"_ivl_92", 0 0, L_00000220df243420;  1 drivers
v00000220df23f600_0 .net *"_ivl_94", 0 0, L_00000220df2429a0;  1 drivers
v00000220df23f6a0_0 .net *"_ivl_96", 0 0, L_00000220df242850;  1 drivers
v00000220df23f740_0 .net *"_ivl_99", 0 0, L_00000220df242230;  1 drivers
v00000220df23eb60_0 .net "best_location", 1 0, L_00000220df241e70;  1 drivers
v00000220df23e2a0_0 .net "capacity", 2 0, L_00000220df240c50;  1 drivers
v00000220df23f7e0_0 .var "door_open_signal", 0 0;
v00000220df23e8e0_0 .net "empty", 0 0, L_00000220df1d7d50;  1 drivers
o00000220df1e6878 .functor BUFZ 1, C4<z>; HiZ drive
v00000220df23efc0_0 .net "entry_sensor", 0 0, o00000220df1e6878;  0 drivers
o00000220df1e68a8 .functor BUFZ 1, C4<z>; HiZ drive
v00000220df23ef20_0 .net "exit_sensor", 0 0, o00000220df1e68a8;  0 drivers
v00000220df23e700_0 .net "full", 0 0, L_00000220df1d7ea0;  1 drivers
v00000220df23e340_0 .var "full_signal", 0 0;
v00000220df23eca0_0 .var "parkings", 3 0;
v00000220df23e3e0_0 .var "state", 1 0;
v00000220df23dee0_0 .var "timer", 15 0;
o00000220df1e69c8 .functor BUFZ 2, C4<zz>; HiZ drive
v00000220df23e160_0 .net "vacant_parking", 1 0, o00000220df1e69c8;  0 drivers
E_00000220df1c53e0 .event posedge, v00000220df1c19f0_0, v00000220df1c2d50_0;
L_00000220df23eac0 .part v00000220df23eca0_0, 0, 1;
L_00000220df23e480 .part v00000220df23eca0_0, 1, 1;
L_00000220df23e520 .part v00000220df23eca0_0, 2, 1;
L_00000220df23f880 .part v00000220df23eca0_0, 3, 1;
L_00000220df23da80 .part v00000220df23eca0_0, 0, 1;
L_00000220df23db20 .part v00000220df23eca0_0, 1, 1;
L_00000220df23de40 .part v00000220df23eca0_0, 2, 1;
L_00000220df23e5c0 .part v00000220df23eca0_0, 3, 1;
L_00000220df23e660 .part v00000220df23eca0_0, 0, 1;
L_00000220df23e7a0 .part v00000220df23eca0_0, 1, 1;
L_00000220df23f060 .part v00000220df23eca0_0, 2, 1;
L_00000220df23f100 .part v00000220df23eca0_0, 1, 1;
L_00000220df23e980 .part v00000220df23eca0_0, 2, 1;
L_00000220df23ed40 .part v00000220df23eca0_0, 3, 1;
L_00000220df23ede0 .part v00000220df23eca0_0, 0, 1;
L_00000220df240d90 .part v00000220df23eca0_0, 1, 1;
L_00000220df242190 .part v00000220df23eca0_0, 3, 1;
L_00000220df241650 .part v00000220df23eca0_0, 1, 1;
L_00000220df242050 .part v00000220df23eca0_0, 2, 1;
L_00000220df241fb0 .part v00000220df23eca0_0, 3, 1;
L_00000220df242230 .part v00000220df23eca0_0, 0, 1;
L_00000220df241d30 .part v00000220df23eca0_0, 1, 1;
L_00000220df240e30 .part v00000220df23eca0_0, 3, 1;
L_00000220df240a70 .part v00000220df23eca0_0, 0, 1;
L_00000220df240930 .part v00000220df23eca0_0, 1, 1;
L_00000220df2407f0 .part v00000220df23eca0_0, 2, 1;
L_00000220df240c50 .concat8 [ 1 1 1 0], L_00000220df242770, L_00000220df243500, L_00000220df1d8220;
L_00000220df240750 .part v00000220df23eca0_0, 1, 1;
L_00000220df241330 .part v00000220df23eca0_0, 3, 1;
L_00000220df240890 .part v00000220df23eca0_0, 0, 1;
L_00000220df240ed0 .part v00000220df23eca0_0, 2, 1;
L_00000220df241ab0 .part v00000220df23eca0_0, 0, 1;
L_00000220df241830 .part v00000220df23eca0_0, 1, 1;
L_00000220df241e70 .concat8 [ 1 1 0 0], L_00000220df2433b0, L_00000220df2427e0;
L_00000220df241470 .part v00000220df23eca0_0, 1, 1;
L_00000220df2420f0 .part v00000220df23eca0_0, 0, 1;
L_00000220df2422d0 .part v00000220df23eca0_0, 2, 1;
L_00000220df241f10 .part v00000220df23eca0_0, 0, 1;
    .scope S_00000220df1c4ac0;
T_0 ;
    %wait E_00000220df1c53e0;
    %load/vec4 v00000220df1c19f0_0;
    %flag_set/vec4 8;
    %jmp/0xz  T_0.0, 8;
    %pushi/vec4 0, 0, 2;
    %store/vec4 v00000220df23e3e0_0, 0, 2;
    %pushi/vec4 0, 0, 4;
    %store/vec4 v00000220df23eca0_0, 0, 4;
    %pushi/vec4 0, 0, 1;
    %store/vec4 v00000220df23f7e0_0, 0, 1;
    %pushi/vec4 0, 0, 1;
    %store/vec4 v00000220df23e340_0, 0, 1;
    %jmp T_0.1;
T_0.0 ;
    %load/vec4 v00000220df23e3e0_0;
    %dup/vec4;
    %pushi/vec4 0, 0, 2;
    %cmp/u;
    %jmp/1 T_0.2, 6;
    %dup/vec4;
    %pushi/vec4 1, 0, 2;
    %cmp/u;
    %jmp/1 T_0.3, 6;
    %dup/vec4;
    %pushi/vec4 2, 0, 2;
    %cmp/u;
    %jmp/1 T_0.4, 6;
    %dup/vec4;
    %pushi/vec4 3, 0, 2;
    %cmp/u;
    %jmp/1 T_0.5, 6;
    %jmp T_0.6;
T_0.2 ;
    %pushi/vec4 1, 0, 16;
    %assign/vec4 v00000220df23dee0_0, 0;
    %load/vec4 v00000220df23efc0_0;
    %load/vec4 v00000220df23ef20_0;
    %inv;
    %and;
    %flag_set/vec4 8;
    %jmp/0xz  T_0.7, 8;
    %load/vec4 v00000220df23e700_0;
    %flag_set/vec4 8;
    %jmp/0xz  T_0.9, 8;
    %pushi/vec4 2, 0, 2;
    %store/vec4 v00000220df23e3e0_0, 0, 2;
    %pushi/vec4 1, 0, 1;
    %store/vec4 v00000220df23e340_0, 0, 1;
    %jmp T_0.10;
T_0.9 ;
    %pushi/vec4 1, 0, 2;
    %store/vec4 v00000220df23e3e0_0, 0, 2;
    %pushi/vec4 1, 0, 1;
    %store/vec4 v00000220df23f7e0_0, 0, 1;
T_0.10 ;
T_0.7 ;
    %load/vec4 v00000220df23efc0_0;
    %inv;
    %load/vec4 v00000220df23ef20_0;
    %and;
    %flag_set/vec4 8;
    %jmp/0xz  T_0.11, 8;
    %load/vec4 v00000220df23e8e0_0;
    %inv;
    %flag_set/vec4 8;
    %jmp/0xz  T_0.13, 8;
    %pushi/vec4 1, 0, 2;
    %store/vec4 v00000220df23e3e0_0, 0, 2;
    %pushi/vec4 1, 0, 1;
    %store/vec4 v00000220df23f7e0_0, 0, 1;
T_0.13 ;
T_0.11 ;
    %jmp T_0.6;
T_0.3 ;
    %load/vec4 v00000220df23dee0_0;
    %addi 1, 0, 16;
    %store/vec4 v00000220df23dee0_0, 0, 16;
    %load/vec4 v00000220df23dee0_0;
    %pad/u 32;
    %cmpi/u 10, 0, 32;
    %flag_or 5, 4; GT is !LE
    %flag_inv 5;
    %jmp/0xz  T_0.15, 5;
    %pushi/vec4 3, 0, 2;
    %store/vec4 v00000220df23e3e0_0, 0, 2;
    %pushi/vec4 0, 0, 1;
    %store/vec4 v00000220df23f7e0_0, 0, 1;
T_0.15 ;
    %jmp T_0.6;
T_0.4 ;
    %load/vec4 v00000220df23dee0_0;
    %addi 1, 0, 16;
    %store/vec4 v00000220df23dee0_0, 0, 16;
    %load/vec4 v00000220df23dee0_0;
    %pad/u 32;
    %cmpi/u 3, 0, 32;
    %flag_or 5, 4; GT is !LE
    %flag_inv 5;
    %jmp/0xz  T_0.17, 5;
    %pushi/vec4 0, 0, 2;
    %store/vec4 v00000220df23e3e0_0, 0, 2;
    %pushi/vec4 0, 0, 1;
    %store/vec4 v00000220df23e340_0, 0, 1;
T_0.17 ;
    %jmp T_0.6;
T_0.5 ;
    %load/vec4 v00000220df23efc0_0;
    %load/vec4 v00000220df23ef20_0;
    %inv;
    %and;
    %flag_set/vec4 8;
    %jmp/0xz  T_0.19, 8;
    %load/vec4 v00000220df23eca0_0;
    %parti/s 1, 3, 3;
    %load/vec4 v00000220df23eca0_0;
    %parti/s 1, 0, 2;
    %load/vec4 v00000220df23eca0_0;
    %parti/s 1, 1, 2;
    %and;
    %load/vec4 v00000220df23eca0_0;
    %parti/s 1, 2, 3;
    %and;
    %or;
    %ix/load 4, 3, 0;
    %flag_set/imm 4, 0;
    %store/vec4 v00000220df23eca0_0, 4, 1;
    %load/vec4 v00000220df23eca0_0;
    %parti/s 1, 2, 3;
    %load/vec4 v00000220df23eca0_0;
    %parti/s 1, 0, 2;
    %load/vec4 v00000220df23eca0_0;
    %parti/s 1, 1, 2;
    %and;
    %or;
    %ix/load 4, 2, 0;
    %flag_set/imm 4, 0;
    %store/vec4 v00000220df23eca0_0, 4, 1;
    %load/vec4 v00000220df23eca0_0;
    %parti/s 1, 1, 2;
    %load/vec4 v00000220df23eca0_0;
    %parti/s 1, 2, 3;
    %or;
    %ix/load 4, 1, 0;
    %flag_set/imm 4, 0;
    %store/vec4 v00000220df23eca0_0, 4, 1;
    %pushi/vec4 1, 0, 1;
    %ix/load 4, 0, 0;
    %flag_set/imm 4, 0;
    %store/vec4 v00000220df23eca0_0, 4, 1;
T_0.19 ;
    %load/vec4 v00000220df23efc0_0;
    %inv;
    %load/vec4 v00000220df23ef20_0;
    %and;
    %flag_set/vec4 8;
    %jmp/0xz  T_0.21, 8;
    %load/vec4 v00000220df23eca0_0;
    %parti/s 1, 3, 3;
    %load/vec4 v00000220df23e160_0;
    %parti/s 1, 0, 2;
    %inv;
    %load/vec4 v00000220df23e160_0;
    %parti/s 1, 1, 2;
    %inv;
    %or;
    %and;
    %ix/load 4, 3, 0;
    %flag_set/imm 4, 0;
    %store/vec4 v00000220df23eca0_0, 4, 1;
    %load/vec4 v00000220df23eca0_0;
    %parti/s 1, 2, 3;
    %load/vec4 v00000220df23e160_0;
    %parti/s 1, 0, 2;
    %inv;
    %load/vec4 v00000220df23e160_0;
    %parti/s 1, 1, 2;
    %or;
    %and;
    %ix/load 4, 2, 0;
    %flag_set/imm 4, 0;
    %store/vec4 v00000220df23eca0_0, 4, 1;
    %load/vec4 v00000220df23eca0_0;
    %parti/s 1, 1, 2;
    %load/vec4 v00000220df23e160_0;
    %parti/s 1, 0, 2;
    %load/vec4 v00000220df23e160_0;
    %parti/s 1, 1, 2;
    %inv;
    %or;
    %and;
    %ix/load 4, 1, 0;
    %flag_set/imm 4, 0;
    %store/vec4 v00000220df23eca0_0, 4, 1;
    %load/vec4 v00000220df23eca0_0;
    %parti/s 1, 0, 2;
    %load/vec4 v00000220df23e160_0;
    %parti/s 1, 0, 2;
    %load/vec4 v00000220df23e160_0;
    %parti/s 1, 1, 2;
    %or;
    %and;
    %ix/load 4, 0, 0;
    %flag_set/imm 4, 0;
    %store/vec4 v00000220df23eca0_0, 4, 1;
T_0.21 ;
    %pushi/vec4 0, 0, 2;
    %store/vec4 v00000220df23e3e0_0, 0, 2;
    %jmp T_0.6;
T_0.6 ;
    %pop/vec4 1;
T_0.1 ;
    %jmp T_0;
    .thread T_0;
# The file index is used to find the file name in the following table.
:file_names 3;
    "N/A";
    "<interactive>";
    "control_fsm.v";
