#! /c/Source/iverilog-install/bin/vvp
:ivl_version "12.0 (devel)" "(s20150603-1539-g2693dd32b)";
:ivl_delay_selection "TYPICAL";
:vpi_time_precision - 10;
:vpi_module "C:\iverilog\lib\ivl\system.vpi";
:vpi_module "C:\iverilog\lib\ivl\vhdl_sys.vpi";
:vpi_module "C:\iverilog\lib\ivl\vhdl_textio.vpi";
:vpi_module "C:\iverilog\lib\ivl\v2005_math.vpi";
:vpi_module "C:\iverilog\lib\ivl\va_math.vpi";
S_0000021a9ff565f0 .scope module, "door_open_signal_control" "door_open_signal_control" 2 5;
 .timescale -9 -10;
    .port_info 0 /INPUT 1 "in_signal";
    .port_info 1 /INPUT 1 "CLK";
    .port_info 2 /OUTPUT 1 "out_signal";
o0000021a9fe36e58 .functor BUFZ 1, C4<z>; HiZ drive
L_0000021a9ff56f50 .functor AND 1, L_0000021a9ff56f50, o0000021a9fe36e58, C4<1>, C4<1>;
v0000021a9ff570b0_0 .net "CLK", 0 0, o0000021a9fe36e58;  0 drivers
o0000021a9fe36e88 .functor BUFZ 1, C4<z>; HiZ drive
v0000021a9ff56780_0 .net "in_signal", 0 0, o0000021a9fe36e88;  0 drivers
v0000021a9ff56820_0 .net "out_signal", 0 0, L_0000021a9ff56f50;  1 drivers
# The file index is used to find the file name in the following table.
:file_names 3;
    "N/A";
    "<interactive>";
    "door_open_signal_control.v";
