#! /c/Source/iverilog-install/bin/vvp
:ivl_version "12.0 (devel)" "(s20150603-1539-g2693dd32b)";
:ivl_delay_selection "TYPICAL";
:vpi_time_precision - 10;
:vpi_module "C:\iverilog\lib\ivl\system.vpi";
:vpi_module "C:\iverilog\lib\ivl\vhdl_sys.vpi";
:vpi_module "C:\iverilog\lib\ivl\vhdl_textio.vpi";
:vpi_module "C:\iverilog\lib\ivl\v2005_math.vpi";
:vpi_module "C:\iverilog\lib\ivl\va_math.vpi";
S_00000154157a6740 .scope module, "full_signal" "full_signal" 2 5;
 .timescale -9 -10;
    .port_info 0 /INPUT 1 "in_signal";
    .port_info 1 /INPUT 1 "CLK";
    .port_info 2 /OUTPUT 1 "out_signal";
o0000015415666f98 .functor BUFZ 1, C4<z>; HiZ drive
v00000154157a68d0_0 .net "CLK", 0 0, o0000015415666f98;  0 drivers
o0000015415666fc8 .functor BUFZ 1, C4<z>; HiZ drive
v00000154157a6970_0 .net "in_signal", 0 0, o0000015415666fc8;  0 drivers
v00000154157a6a10_0 .var "out_signal", 0 0;
v00000154157ade00_0 .var "step", 1 0;
E_00000154157a8b80 .event posedge, v00000154157a6970_0;
E_00000154157a9240 .event posedge, v00000154157a68d0_0;
    .scope S_00000154157a6740;
T_0 ;
    %wait E_00000154157a9240;
    %load/vec4 v00000154157ade00_0;
    %pad/u 32;
    %cmpi/u 0, 0, 32;
    %flag_or 5, 4; GT is !LE
    %flag_inv 5;
    %jmp/0xz  T_0.0, 5;
    %load/vec4 v00000154157ade00_0;
    %subi 1, 0, 2;
    %store/vec4 v00000154157ade00_0, 0, 2;
    %load/vec4 v00000154157a6a10_0;
    %inv;
    %store/vec4 v00000154157a6a10_0, 0, 1;
T_0.0 ;
    %jmp T_0;
    .thread T_0;
    .scope S_00000154157a6740;
T_1 ;
    %wait E_00000154157a8b80;
    %pushi/vec4 3, 0, 2;
    %store/vec4 v00000154157ade00_0, 0, 2;
    %load/vec4 v00000154157a6970_0;
    %store/vec4 v00000154157a6a10_0, 0, 1;
    %jmp T_1;
    .thread T_1;
# The file index is used to find the file name in the following table.
:file_names 3;
    "N/A";
    "<interactive>";
    "full_signal.v";
