#! /c/Source/iverilog-install/bin/vvp
:ivl_version "12.0 (devel)" "(s20150603-1539-g2693dd32b)";
:ivl_delay_selection "TYPICAL";
:vpi_time_precision + 0;
:vpi_module "C:\iverilog\lib\ivl\system.vpi";
:vpi_module "C:\iverilog\lib\ivl\vhdl_sys.vpi";
:vpi_module "C:\iverilog\lib\ivl\vhdl_textio.vpi";
:vpi_module "C:\iverilog\lib\ivl\v2005_math.vpi";
:vpi_module "C:\iverilog\lib\ivl\va_math.vpi";
S_0000028d3f84a480 .scope module, "door_open_signal_control" "door_open_signal_control" 2 3;
 .timescale 0 0;
    .port_info 0 /INPUT 1 "in_signal";
    .port_info 1 /INPUT 1 "CLK";
    .port_info 2 /OUTPUT 1 "out_signal";
o0000028d3f88c138 .functor BUFZ 1, C4<z>; HiZ drive
o0000028d3f88c108 .functor BUFZ 1, C4<z>; HiZ drive
L_0000028d3f86dc10 .functor AND 1, o0000028d3f88c138, o0000028d3f88c108, C4<1>, C4<1>;
v0000028d3f864f30_0 .net "CLK", 0 0, o0000028d3f88c108;  0 drivers
v0000028d3f863b30_0 .net "in_signal", 0 0, o0000028d3f88c138;  0 drivers
v0000028d3f865750_0 .net "out_signal", 0 0, L_0000028d3f86dc10;  1 drivers
S_0000028d3f84a610 .scope module, "full_signal_control" "full_signal_control" 3 3;
 .timescale 0 0;
    .port_info 0 /INPUT 1 "in_signal";
    .port_info 1 /INPUT 1 "CLK";
    .port_info 2 /OUTPUT 1 "out_signal";
o0000028d3f88c228 .functor BUFZ 1, C4<z>; HiZ drive
v0000028d3f863e50_0 .net "CLK", 0 0, o0000028d3f88c228;  0 drivers
o0000028d3f88c258 .functor BUFZ 1, C4<z>; HiZ drive
v0000028d3f8657f0_0 .net "in_signal", 0 0, o0000028d3f88c258;  0 drivers
v0000028d3f865890_0 .var "out_signal", 0 0;
v0000028d3f863bd0_0 .var "step", 3 0;
E_0000028d3f8805b0 .event anyedge, v0000028d3f863e50_0;
E_0000028d3f880a70 .event posedge, v0000028d3f8657f0_0;
S_0000028d3f830770 .scope module, "manage_parking" "manage_parking" 4 10;
 .timescale 0 0;
    .port_info 0 /INPUT 1 "entry_sensor";
    .port_info 1 /INPUT 1 "exit_sensor";
    .port_info 2 /INPUT 2 "vacant_parking";
    .port_info 3 /INPUT 1 "CLK";
    .port_info 4 /INPUT 1 "RESET";
    .port_info 5 /OUTPUT 4 "selected_segment";
    .port_info 6 /OUTPUT 8 "slected_data";
    .port_info 7 /OUTPUT 4 "parkings";
    .port_info 8 /OUTPUT 1 "door_open_signal";
    .port_info 9 /OUTPUT 1 "full_signal";
L_0000028d3f853220 .functor AND 1, v0000028d3f8e80a0_0, v0000028d3f8e64f0_0, C4<1>, C4<1>;
L_0000028d3f8533e0 .functor AND 1, v0000028d3f8e83c0_0, v0000028d3f8e75d0_0, C4<1>, C4<1>;
o0000028d3f88dc98 .functor BUFZ 1, C4<z>; HiZ drive
v0000028d3f8e9720_0 .net "CLK", 0 0, o0000028d3f88dc98;  0 drivers
o0000028d3f88c588 .functor BUFZ 1, C4<z>; HiZ drive
v0000028d3f8e8140_0 .net "RESET", 0 0, o0000028d3f88c588;  0 drivers
L_0000028d3f8ec078 .functor BUFT 1, C4<0000>, C4<0>, C4<0>, C4<0>;
v0000028d3f8e94a0_0 .net/2u *"_ivl_13", 3 0, L_0000028d3f8ec078;  1 drivers
L_0000028d3f8ec0c0 .functor BUFT 1, C4<00000>, C4<0>, C4<0>, C4<0>;
v0000028d3f8e8a00_0 .net/2u *"_ivl_17", 4 0, L_0000028d3f8ec0c0;  1 drivers
v0000028d3f8e8b40_0 .net "best_location", 1 0, L_0000028d3f8eadd0;  1 drivers
v0000028d3f8e8460_0 .net "best_location_bcd", 7 0, v0000028d3f863f90_0;  1 drivers
v0000028d3f8e8640_0 .net "capacity", 2 0, v0000028d3f8e8280_0;  1 drivers
v0000028d3f8e86e0_0 .net "capacity_bcd", 7 0, v0000028d3f863ef0_0;  1 drivers
v0000028d3f8e9ea0_0 .net "clk_100hz", 0 0, v0000028d3f8e69f0_0;  1 drivers
v0000028d3f8e8be0_0 .net "clk_1hz", 0 0, v0000028d3f8e75d0_0;  1 drivers
v0000028d3f8e97c0_0 .net "clk_1khz", 0 0, v0000028d3f8e7670_0;  1 drivers
v0000028d3f8e9040_0 .net "clk_2hz", 0 0, v0000028d3f8e64f0_0;  1 drivers
v0000028d3f8e9680_0 .net "deb_entry_sensor", 0 0, L_0000028d3f86e070;  1 drivers
v0000028d3f8e9400_0 .net "deb_exit_sensor", 0 0, L_0000028d3f86d4a0;  1 drivers
v0000028d3f8e9a40_0 .net "deb_vacant_parking", 1 0, L_0000028d3f8eb870;  1 drivers
v0000028d3f8e8c80_0 .net "door_open_signal", 0 0, L_0000028d3f853220;  1 drivers
o0000028d3f88c8b8 .functor BUFZ 1, C4<z>; HiZ drive
v0000028d3f8e8d20_0 .net "entry_sensor", 0 0, o0000028d3f88c8b8;  0 drivers
o0000028d3f88cd98 .functor BUFZ 1, C4<z>; HiZ drive
v0000028d3f8e9900_0 .net "exit_sensor", 0 0, o0000028d3f88cd98;  0 drivers
v0000028d3f8e99a0_0 .net "full_signal", 0 0, L_0000028d3f8533e0;  1 drivers
v0000028d3f8e9ae0_0 .net "parkings", 3 0, v0000028d3f8e95e0_0;  1 drivers
v0000028d3f8e90e0_0 .net "selected_segment", 3 0, v0000028d3f85dc30_0;  1 drivers
v0000028d3f8e9b80_0 .net "slected_data", 7 0, v0000028d3f8e3460_0;  1 drivers
v0000028d3f8e9c20_0 .net "steady_door_open_signal", 0 0, v0000028d3f8e80a0_0;  1 drivers
v0000028d3f8e9cc0_0 .net "steady_full_signal", 0 0, v0000028d3f8e83c0_0;  1 drivers
o0000028d3f88e388 .functor BUFZ 2, C4<zz>; HiZ drive
v0000028d3f8e9180_0 .net "vacant_parking", 1 0, o0000028d3f88e388;  0 drivers
L_0000028d3f8eaf10 .part o0000028d3f88e388, 1, 1;
L_0000028d3f8eafb0 .part o0000028d3f88e388, 0, 1;
L_0000028d3f8eb870 .concat8 [ 1 1 0 0], L_0000028d3f86d5f0, L_0000028d3f86d900;
L_0000028d3f8ea6f0 .concat [ 3 4 0 0], v0000028d3f8e8280_0, L_0000028d3f8ec078;
L_0000028d3f8eb9b0 .concat [ 2 5 0 0], L_0000028d3f8eadd0, L_0000028d3f8ec0c0;
L_0000028d3f8ea970 .concat [ 8 8 0 0], v0000028d3f863f90_0, v0000028d3f863ef0_0;
S_0000028d3f8309b0 .scope module, "conv1" "binary_bcd" 4 47, 5 1 0, S_0000028d3f830770;
 .timescale 0 0;
    .port_info 0 /INPUT 7 "bin";
    .port_info 1 /OUTPUT 8 "bcd";
v0000028d3f863ef0_0 .var "bcd", 7 0;
v0000028d3f865930_0 .net "bin", 6 0, L_0000028d3f8ea6f0;  1 drivers
v0000028d3f863db0_0 .var "temp", 6 0;
E_0000028d3f880870 .event anyedge, v0000028d3f865930_0;
S_0000028d3f834520 .scope module, "conv2" "binary_bcd" 4 48, 5 1 0, S_0000028d3f830770;
 .timescale 0 0;
    .port_info 0 /INPUT 7 "bin";
    .port_info 1 /OUTPUT 8 "bcd";
v0000028d3f863f90_0 .var "bcd", 7 0;
v0000028d3f8643f0_0 .net "bin", 6 0, L_0000028d3f8eb9b0;  1 drivers
v0000028d3f85e8b0_0 .var "temp", 6 0;
E_0000028d3f8808b0 .event anyedge, v0000028d3f8643f0_0;
S_0000028d3f8346b0 .scope module, "conv3" "bcd_seven_segment" 4 50, 6 4 0, S_0000028d3f830770;
 .timescale 0 0;
    .port_info 0 /INPUT 16 "bcd_digits";
    .port_info 1 /INPUT 1 "CLK";
    .port_info 2 /INPUT 1 "RESET";
    .port_info 3 /OUTPUT 4 "selected_segment";
    .port_info 4 /OUTPUT 8 "slected_data";
v0000028d3f85dcd0_0 .net "CLK", 0 0, v0000028d3f8e69f0_0;  alias, 1 drivers
v0000028d3f8e2f60_0 .net "RESET", 0 0, o0000028d3f88c588;  alias, 0 drivers
v0000028d3f8e2100_0 .net "bcd_digits", 15 0, L_0000028d3f8ea970;  1 drivers
v0000028d3f8e3000_0 .net "selected_bcd", 3 0, v0000028d3f85dd70_0;  1 drivers
v0000028d3f8e36e0_0 .net "selected_segment", 3 0, v0000028d3f85dc30_0;  alias, 1 drivers
v0000028d3f8e3460_0 .var "slected_data", 7 0;
E_0000028d3f8808f0 .event anyedge, v0000028d3f85dd70_0;
S_0000028d3f841ff0 .scope module, "multiplexer" "digit_multiplexer" 6 12, 7 3 0, S_0000028d3f8346b0;
 .timescale 0 0;
    .port_info 0 /INPUT 16 "bcd_digits";
    .port_info 1 /INPUT 1 "CLK";
    .port_info 2 /INPUT 1 "RESET";
    .port_info 3 /OUTPUT 4 "selected_bcd";
    .port_info 4 /OUTPUT 4 "selected_segment";
v0000028d3f85e090_0 .net "CLK", 0 0, v0000028d3f8e69f0_0;  alias, 1 drivers
v0000028d3f85da50_0 .net "RESET", 0 0, o0000028d3f88c588;  alias, 0 drivers
v0000028d3f85db90_0 .net "bcd_digits", 15 0, L_0000028d3f8ea970;  alias, 1 drivers
v0000028d3f85e130_0 .var "counter", 1 0;
v0000028d3f85dd70_0 .var "selected_bcd", 3 0;
v0000028d3f85dc30_0 .var "selected_segment", 3 0;
E_0000028d3f8806f0 .event posedge, v0000028d3f85da50_0, v0000028d3f85e090_0;
S_0000028d3f842180 .scope module, "deb1" "debouncer" 4 27, 8 5 0, S_0000028d3f830770;
 .timescale 0 0;
    .port_info 0 /INPUT 1 "CLK";
    .port_info 1 /INPUT 1 "RESET";
    .port_info 2 /INPUT 1 "sig";
    .port_info 3 /OUTPUT 1 "deb_sig";
L_0000028d3f86df90 .functor AND 1, L_0000028d3f8eb730, L_0000028d3f8ead30, C4<1>, C4<1>;
L_0000028d3f86e000 .functor NOT 1, L_0000028d3f8eb370, C4<0>, C4<0>, C4<0>;
L_0000028d3f86e070 .functor AND 1, L_0000028d3f86df90, L_0000028d3f86e000, C4<1>, C4<1>;
v0000028d3f8e3500_0 .net "CLK", 0 0, v0000028d3f8e7670_0;  alias, 1 drivers
v0000028d3f8e24c0_0 .net "Q", 2 0, L_0000028d3f8e9f40;  1 drivers
v0000028d3f8e2880_0 .net "RESET", 0 0, o0000028d3f88c588;  alias, 0 drivers
v0000028d3f8e3dc0_0 .net *"_ivl_12", 0 0, L_0000028d3f8eb730;  1 drivers
v0000028d3f8e21a0_0 .net *"_ivl_14", 0 0, L_0000028d3f8ead30;  1 drivers
v0000028d3f8e3c80_0 .net *"_ivl_15", 0 0, L_0000028d3f86df90;  1 drivers
v0000028d3f8e2920_0 .net *"_ivl_18", 0 0, L_0000028d3f8eb370;  1 drivers
v0000028d3f8e2420_0 .net *"_ivl_19", 0 0, L_0000028d3f86e000;  1 drivers
v0000028d3f8e3e60_0 .net "deb_sig", 0 0, L_0000028d3f86e070;  alias, 1 drivers
v0000028d3f8e3f00_0 .net "sig", 0 0, o0000028d3f88c8b8;  alias, 0 drivers
L_0000028d3f8e9d60 .part L_0000028d3f8e9f40, 0, 1;
L_0000028d3f8e9220 .part L_0000028d3f8e9f40, 1, 1;
L_0000028d3f8e9f40 .concat8 [ 1 1 1 0], v0000028d3f8e2b00_0, v0000028d3f8e3140_0, v0000028d3f8e3280_0;
L_0000028d3f8eb730 .part L_0000028d3f8e9f40, 0, 1;
L_0000028d3f8ead30 .part L_0000028d3f8e9f40, 1, 1;
L_0000028d3f8eb370 .part L_0000028d3f8e9f40, 2, 1;
S_0000028d3f815730 .scope module, "d_ff1" "d_flip_flop" 8 9, 9 1 0, S_0000028d3f842180;
 .timescale 0 0;
    .port_info 0 /INPUT 1 "D";
    .port_info 1 /INPUT 1 "CLK";
    .port_info 2 /OUTPUT 1 "Q";
v0000028d3f8e30a0_0 .net "CLK", 0 0, v0000028d3f8e7670_0;  alias, 1 drivers
v0000028d3f8e2060_0 .net "D", 0 0, o0000028d3f88c8b8;  alias, 0 drivers
v0000028d3f8e2b00_0 .var "Q", 0 0;
E_0000028d3f880ab0 .event posedge, v0000028d3f8e30a0_0;
S_0000028d3f8158c0 .scope module, "d_ff2" "d_flip_flop" 8 10, 9 1 0, S_0000028d3f842180;
 .timescale 0 0;
    .port_info 0 /INPUT 1 "D";
    .port_info 1 /INPUT 1 "CLK";
    .port_info 2 /OUTPUT 1 "Q";
v0000028d3f8e2ba0_0 .net "CLK", 0 0, v0000028d3f8e7670_0;  alias, 1 drivers
v0000028d3f8e22e0_0 .net "D", 0 0, L_0000028d3f8e9d60;  1 drivers
v0000028d3f8e3140_0 .var "Q", 0 0;
S_0000028d3f81ebd0 .scope module, "d_ff3" "d_flip_flop" 8 11, 9 1 0, S_0000028d3f842180;
 .timescale 0 0;
    .port_info 0 /INPUT 1 "D";
    .port_info 1 /INPUT 1 "CLK";
    .port_info 2 /OUTPUT 1 "Q";
v0000028d3f8e31e0_0 .net "CLK", 0 0, v0000028d3f8e7670_0;  alias, 1 drivers
v0000028d3f8e3960_0 .net "D", 0 0, L_0000028d3f8e9220;  1 drivers
v0000028d3f8e3280_0 .var "Q", 0 0;
S_0000028d3f81ed60 .scope module, "deb2" "debouncer" 4 28, 8 5 0, S_0000028d3f830770;
 .timescale 0 0;
    .port_info 0 /INPUT 1 "CLK";
    .port_info 1 /INPUT 1 "RESET";
    .port_info 2 /INPUT 1 "sig";
    .port_info 3 /OUTPUT 1 "deb_sig";
L_0000028d3f86d660 .functor AND 1, L_0000028d3f8ea8d0, L_0000028d3f8eb4b0, C4<1>, C4<1>;
L_0000028d3f86e0e0 .functor NOT 1, L_0000028d3f8ea150, C4<0>, C4<0>, C4<0>;
L_0000028d3f86d4a0 .functor AND 1, L_0000028d3f86d660, L_0000028d3f86e0e0, C4<1>, C4<1>;
v0000028d3f8e3820_0 .net "CLK", 0 0, v0000028d3f8e7670_0;  alias, 1 drivers
v0000028d3f8e38c0_0 .net "Q", 2 0, L_0000028d3f8eb410;  1 drivers
v0000028d3f8e3d20_0 .net "RESET", 0 0, o0000028d3f88c588;  alias, 0 drivers
v0000028d3f8e3a00_0 .net *"_ivl_12", 0 0, L_0000028d3f8ea8d0;  1 drivers
v0000028d3f8e3aa0_0 .net *"_ivl_14", 0 0, L_0000028d3f8eb4b0;  1 drivers
v0000028d3f8e3b40_0 .net *"_ivl_15", 0 0, L_0000028d3f86d660;  1 drivers
v0000028d3f8e2c40_0 .net *"_ivl_18", 0 0, L_0000028d3f8ea150;  1 drivers
v0000028d3f8e3be0_0 .net *"_ivl_19", 0 0, L_0000028d3f86e0e0;  1 drivers
v0000028d3f8e2240_0 .net "deb_sig", 0 0, L_0000028d3f86d4a0;  alias, 1 drivers
v0000028d3f8e2ce0_0 .net "sig", 0 0, o0000028d3f88cd98;  alias, 0 drivers
L_0000028d3f8eb050 .part L_0000028d3f8eb410, 0, 1;
L_0000028d3f8ea0b0 .part L_0000028d3f8eb410, 1, 1;
L_0000028d3f8eb410 .concat8 [ 1 1 1 0], v0000028d3f8e29c0_0, v0000028d3f8e3640_0, v0000028d3f8e2a60_0;
L_0000028d3f8ea8d0 .part L_0000028d3f8eb410, 0, 1;
L_0000028d3f8eb4b0 .part L_0000028d3f8eb410, 1, 1;
L_0000028d3f8ea150 .part L_0000028d3f8eb410, 2, 1;
S_0000028d3f834a50 .scope module, "d_ff1" "d_flip_flop" 8 9, 9 1 0, S_0000028d3f81ed60;
 .timescale 0 0;
    .port_info 0 /INPUT 1 "D";
    .port_info 1 /INPUT 1 "CLK";
    .port_info 2 /OUTPUT 1 "Q";
v0000028d3f8e26a0_0 .net "CLK", 0 0, v0000028d3f8e7670_0;  alias, 1 drivers
v0000028d3f8e35a0_0 .net "D", 0 0, o0000028d3f88cd98;  alias, 0 drivers
v0000028d3f8e29c0_0 .var "Q", 0 0;
S_0000028d3f834be0 .scope module, "d_ff2" "d_flip_flop" 8 10, 9 1 0, S_0000028d3f81ed60;
 .timescale 0 0;
    .port_info 0 /INPUT 1 "D";
    .port_info 1 /INPUT 1 "CLK";
    .port_info 2 /OUTPUT 1 "Q";
v0000028d3f8e27e0_0 .net "CLK", 0 0, v0000028d3f8e7670_0;  alias, 1 drivers
v0000028d3f8e3320_0 .net "D", 0 0, L_0000028d3f8eb050;  1 drivers
v0000028d3f8e3640_0 .var "Q", 0 0;
S_0000028d3f843d10 .scope module, "d_ff3" "d_flip_flop" 8 11, 9 1 0, S_0000028d3f81ed60;
 .timescale 0 0;
    .port_info 0 /INPUT 1 "D";
    .port_info 1 /INPUT 1 "CLK";
    .port_info 2 /OUTPUT 1 "Q";
v0000028d3f8e33c0_0 .net "CLK", 0 0, v0000028d3f8e7670_0;  alias, 1 drivers
v0000028d3f8e3780_0 .net "D", 0 0, L_0000028d3f8ea0b0;  1 drivers
v0000028d3f8e2a60_0 .var "Q", 0 0;
S_0000028d3f843ea0 .scope module, "deb3" "debouncer" 4 29, 8 5 0, S_0000028d3f830770;
 .timescale 0 0;
    .port_info 0 /INPUT 1 "CLK";
    .port_info 1 /INPUT 1 "RESET";
    .port_info 2 /INPUT 1 "sig";
    .port_info 3 /OUTPUT 1 "deb_sig";
L_0000028d3f86e150 .functor AND 1, L_0000028d3f8ea1f0, L_0000028d3f8ebcd0, C4<1>, C4<1>;
L_0000028d3f86d350 .functor NOT 1, L_0000028d3f8eb7d0, C4<0>, C4<0>, C4<0>;
L_0000028d3f86d900 .functor AND 1, L_0000028d3f86e150, L_0000028d3f86d350, C4<1>, C4<1>;
v0000028d3f8e7170_0 .net "CLK", 0 0, v0000028d3f8e7670_0;  alias, 1 drivers
v0000028d3f8e7c10_0 .net "Q", 2 0, L_0000028d3f8eaab0;  1 drivers
v0000028d3f8e7490_0 .net "RESET", 0 0, o0000028d3f88c588;  alias, 0 drivers
v0000028d3f8e7e90_0 .net *"_ivl_12", 0 0, L_0000028d3f8ea1f0;  1 drivers
v0000028d3f8e61d0_0 .net *"_ivl_14", 0 0, L_0000028d3f8ebcd0;  1 drivers
v0000028d3f8e6db0_0 .net *"_ivl_15", 0 0, L_0000028d3f86e150;  1 drivers
v0000028d3f8e7350_0 .net *"_ivl_18", 0 0, L_0000028d3f8eb7d0;  1 drivers
v0000028d3f8e7530_0 .net *"_ivl_19", 0 0, L_0000028d3f86d350;  1 drivers
v0000028d3f8e6e50_0 .net "deb_sig", 0 0, L_0000028d3f86d900;  1 drivers
v0000028d3f8e7d50_0 .net "sig", 0 0, L_0000028d3f8eaf10;  1 drivers
L_0000028d3f8eb190 .part L_0000028d3f8eaab0, 0, 1;
L_0000028d3f8ea650 .part L_0000028d3f8eaab0, 1, 1;
L_0000028d3f8eaab0 .concat8 [ 1 1 1 0], v0000028d3f8e2600_0, v0000028d3f8e2e20_0, v0000028d3f8e7ad0_0;
L_0000028d3f8ea1f0 .part L_0000028d3f8eaab0, 0, 1;
L_0000028d3f8ebcd0 .part L_0000028d3f8eaab0, 1, 1;
L_0000028d3f8eb7d0 .part L_0000028d3f8eaab0, 2, 1;
S_0000028d3f7c66b0 .scope module, "d_ff1" "d_flip_flop" 8 9, 9 1 0, S_0000028d3f843ea0;
 .timescale 0 0;
    .port_info 0 /INPUT 1 "D";
    .port_info 1 /INPUT 1 "CLK";
    .port_info 2 /OUTPUT 1 "Q";
v0000028d3f8e2560_0 .net "CLK", 0 0, v0000028d3f8e7670_0;  alias, 1 drivers
v0000028d3f8e2380_0 .net "D", 0 0, L_0000028d3f8eaf10;  alias, 1 drivers
v0000028d3f8e2600_0 .var "Q", 0 0;
S_0000028d3f8e5080 .scope module, "d_ff2" "d_flip_flop" 8 10, 9 1 0, S_0000028d3f843ea0;
 .timescale 0 0;
    .port_info 0 /INPUT 1 "D";
    .port_info 1 /INPUT 1 "CLK";
    .port_info 2 /OUTPUT 1 "Q";
v0000028d3f8e2740_0 .net "CLK", 0 0, v0000028d3f8e7670_0;  alias, 1 drivers
v0000028d3f8e2d80_0 .net "D", 0 0, L_0000028d3f8eb190;  1 drivers
v0000028d3f8e2e20_0 .var "Q", 0 0;
S_0000028d3f8e56c0 .scope module, "d_ff3" "d_flip_flop" 8 11, 9 1 0, S_0000028d3f843ea0;
 .timescale 0 0;
    .port_info 0 /INPUT 1 "D";
    .port_info 1 /INPUT 1 "CLK";
    .port_info 2 /OUTPUT 1 "Q";
v0000028d3f8e2ec0_0 .net "CLK", 0 0, v0000028d3f8e7670_0;  alias, 1 drivers
v0000028d3f8e78f0_0 .net "D", 0 0, L_0000028d3f8ea650;  1 drivers
v0000028d3f8e7ad0_0 .var "Q", 0 0;
S_0000028d3f8e5d00 .scope module, "deb4" "debouncer" 4 30, 8 5 0, S_0000028d3f830770;
 .timescale 0 0;
    .port_info 0 /INPUT 1 "CLK";
    .port_info 1 /INPUT 1 "RESET";
    .port_info 2 /INPUT 1 "sig";
    .port_info 3 /OUTPUT 1 "deb_sig";
L_0000028d3f86d3c0 .functor AND 1, L_0000028d3f8eac90, L_0000028d3f8eb230, C4<1>, C4<1>;
L_0000028d3f86d740 .functor NOT 1, L_0000028d3f8eb690, C4<0>, C4<0>, C4<0>;
L_0000028d3f86d5f0 .functor AND 1, L_0000028d3f86d3c0, L_0000028d3f86d740, C4<1>, C4<1>;
v0000028d3f8e77b0_0 .net "CLK", 0 0, v0000028d3f8e7670_0;  alias, 1 drivers
v0000028d3f8e73f0_0 .net "Q", 2 0, L_0000028d3f8eb5f0;  1 drivers
v0000028d3f8e7df0_0 .net "RESET", 0 0, o0000028d3f88c588;  alias, 0 drivers
v0000028d3f8e63b0_0 .net *"_ivl_12", 0 0, L_0000028d3f8eac90;  1 drivers
v0000028d3f8e7b70_0 .net *"_ivl_14", 0 0, L_0000028d3f8eb230;  1 drivers
v0000028d3f8e6c70_0 .net *"_ivl_15", 0 0, L_0000028d3f86d3c0;  1 drivers
v0000028d3f8e6770_0 .net *"_ivl_18", 0 0, L_0000028d3f8eb690;  1 drivers
v0000028d3f8e6810_0 .net *"_ivl_19", 0 0, L_0000028d3f86d740;  1 drivers
v0000028d3f8e6ef0_0 .net "deb_sig", 0 0, L_0000028d3f86d5f0;  1 drivers
v0000028d3f8e6090_0 .net "sig", 0 0, L_0000028d3f8eafb0;  1 drivers
L_0000028d3f8eab50 .part L_0000028d3f8eb5f0, 0, 1;
L_0000028d3f8eb550 .part L_0000028d3f8eb5f0, 1, 1;
L_0000028d3f8eb5f0 .concat8 [ 1 1 1 0], v0000028d3f8e6310_0, v0000028d3f8e72b0_0, v0000028d3f8e70d0_0;
L_0000028d3f8eac90 .part L_0000028d3f8eb5f0, 0, 1;
L_0000028d3f8eb230 .part L_0000028d3f8eb5f0, 1, 1;
L_0000028d3f8eb690 .part L_0000028d3f8eb5f0, 2, 1;
S_0000028d3f8e5530 .scope module, "d_ff1" "d_flip_flop" 8 9, 9 1 0, S_0000028d3f8e5d00;
 .timescale 0 0;
    .port_info 0 /INPUT 1 "D";
    .port_info 1 /INPUT 1 "CLK";
    .port_info 2 /OUTPUT 1 "Q";
v0000028d3f8e6590_0 .net "CLK", 0 0, v0000028d3f8e7670_0;  alias, 1 drivers
v0000028d3f8e7210_0 .net "D", 0 0, L_0000028d3f8eafb0;  alias, 1 drivers
v0000028d3f8e6310_0 .var "Q", 0 0;
S_0000028d3f8e5850 .scope module, "d_ff2" "d_flip_flop" 8 10, 9 1 0, S_0000028d3f8e5d00;
 .timescale 0 0;
    .port_info 0 /INPUT 1 "D";
    .port_info 1 /INPUT 1 "CLK";
    .port_info 2 /OUTPUT 1 "Q";
v0000028d3f8e7cb0_0 .net "CLK", 0 0, v0000028d3f8e7670_0;  alias, 1 drivers
v0000028d3f8e6630_0 .net "D", 0 0, L_0000028d3f8eab50;  1 drivers
v0000028d3f8e72b0_0 .var "Q", 0 0;
S_0000028d3f8e59e0 .scope module, "d_ff3" "d_flip_flop" 8 11, 9 1 0, S_0000028d3f8e5d00;
 .timescale 0 0;
    .port_info 0 /INPUT 1 "D";
    .port_info 1 /INPUT 1 "CLK";
    .port_info 2 /OUTPUT 1 "Q";
v0000028d3f8e68b0_0 .net "CLK", 0 0, v0000028d3f8e7670_0;  alias, 1 drivers
v0000028d3f8e7f30_0 .net "D", 0 0, L_0000028d3f8eb550;  1 drivers
v0000028d3f8e70d0_0 .var "Q", 0 0;
S_0000028d3f8e5e90 .scope module, "freq_divider" "frequency_divider" 4 22, 10 3 0, S_0000028d3f830770;
 .timescale 0 0;
    .port_info 0 /INPUT 1 "clk_in";
    .port_info 1 /INPUT 1 "RESET";
    .port_info 2 /OUTPUT 1 "clk_1hz";
    .port_info 3 /OUTPUT 1 "clk_2hz";
    .port_info 4 /OUTPUT 1 "clk_100hz";
    .port_info 5 /OUTPUT 1 "clk_1khz";
v0000028d3f8e6950_0 .net "RESET", 0 0, o0000028d3f88c588;  alias, 0 drivers
v0000028d3f8e69f0_0 .var "clk_100hz", 0 0;
v0000028d3f8e75d0_0 .var "clk_1hz", 0 0;
v0000028d3f8e7670_0 .var "clk_1khz", 0 0;
v0000028d3f8e64f0_0 .var "clk_2hz", 0 0;
v0000028d3f8e7710_0 .net "clk_in", 0 0, o0000028d3f88dc98;  alias, 0 drivers
v0000028d3f8e6bd0_0 .var "cntr_100hz", 17 0;
v0000028d3f8e6130_0 .var "cntr_1hz", 20 0;
v0000028d3f8e6d10_0 .var "cntr_1khz", 14 0;
v0000028d3f8e6f90_0 .var "cntr_2hz", 19 0;
E_0000028d3f881970 .event posedge, v0000028d3f85da50_0, v0000028d3f8e7710_0;
S_0000028d3f8e5210 .scope module, "fsm" "control_fsm" 4 36, 11 4 0, S_0000028d3f830770;
 .timescale 0 0;
    .port_info 0 /INPUT 1 "entry_sensor";
    .port_info 1 /INPUT 1 "exit_sensor";
    .port_info 2 /INPUT 2 "vacant_parking";
    .port_info 3 /INPUT 1 "CLK";
    .port_info 4 /INPUT 1 "RESET";
    .port_info 5 /OUTPUT 3 "capacity";
    .port_info 6 /OUTPUT 2 "best_location";
    .port_info 7 /OUTPUT 4 "parkings";
    .port_info 8 /OUTPUT 1 "door_open_signal";
    .port_info 9 /OUTPUT 1 "full_signal";
P_0000028d3f8e53a0 .param/l "CAR_ENTERING" 0 11 19, C4<011>;
P_0000028d3f8e53d8 .param/l "CAR_EXITING" 0 11 19, C4<100>;
P_0000028d3f8e5410 .param/l "DOOR_OPEN" 0 11 19, C4<001>;
P_0000028d3f8e5448 .param/l "DOOR_OPEN_DELAY" 0 11 20, +C4<00000000000000001110101001100000>;
P_0000028d3f8e5480 .param/l "FULL" 0 11 19, C4<010>;
P_0000028d3f8e54b8 .param/l "FULL_DELAY" 0 11 21, +C4<00000000000000000010011100010000>;
P_0000028d3f8e54f0 .param/l "IDLE" 0 11 19, C4<000>;
L_0000028d3f86d510 .functor AND 1, L_0000028d3f8eb0f0, L_0000028d3f8eb2d0, C4<1>, C4<1>;
L_0000028d3f86d430 .functor AND 1, L_0000028d3f86d510, L_0000028d3f8eabf0, C4<1>, C4<1>;
L_0000028d3f86d6d0 .functor AND 1, L_0000028d3f86d430, L_0000028d3f8eaa10, C4<1>, C4<1>;
L_0000028d3f86d970 .functor AND 1, L_0000028d3f8ebf50, L_0000028d3f8ebaf0, C4<1>, C4<1>;
L_0000028d3f86d7b0 .functor NOT 1, L_0000028d3f8eb910, C4<0>, C4<0>, C4<0>;
L_0000028d3f86d890 .functor AND 1, L_0000028d3f86d7b0, L_0000028d3f8ebe10, C4<1>, C4<1>;
L_0000028d3f86d9e0 .functor AND 1, L_0000028d3f8eae70, L_0000028d3f8ea5b0, C4<1>, C4<1>;
L_0000028d3f86da50 .functor OR 1, L_0000028d3f86d890, L_0000028d3f86d9e0, C4<0>, C4<0>;
v0000028d3f8e6a90_0 .net "CLK", 0 0, v0000028d3f8e7670_0;  alias, 1 drivers
v0000028d3f8e7850_0 .net "RESET", 0 0, o0000028d3f88c588;  alias, 0 drivers
v0000028d3f8e66d0_0 .net *"_ivl_1", 0 0, L_0000028d3f8eb0f0;  1 drivers
v0000028d3f8e6b30_0 .net *"_ivl_11", 0 0, L_0000028d3f8eaa10;  1 drivers
v0000028d3f8e7030_0 .net *"_ivl_17", 0 0, L_0000028d3f8ebf50;  1 drivers
v0000028d3f8e6270_0 .net *"_ivl_19", 0 0, L_0000028d3f8ebaf0;  1 drivers
v0000028d3f8e6450_0 .net *"_ivl_20", 0 0, L_0000028d3f86d970;  1 drivers
v0000028d3f8e7990_0 .net *"_ivl_26", 0 0, L_0000028d3f8eb910;  1 drivers
v0000028d3f8e7a30_0 .net *"_ivl_27", 0 0, L_0000028d3f86d7b0;  1 drivers
v0000028d3f8e8fa0_0 .net *"_ivl_3", 0 0, L_0000028d3f8eb2d0;  1 drivers
v0000028d3f8e8820_0 .net *"_ivl_30", 0 0, L_0000028d3f8ebe10;  1 drivers
v0000028d3f8e8dc0_0 .net *"_ivl_31", 0 0, L_0000028d3f86d890;  1 drivers
v0000028d3f8e9e00_0 .net *"_ivl_34", 0 0, L_0000028d3f8eae70;  1 drivers
v0000028d3f8e8e60_0 .net *"_ivl_36", 0 0, L_0000028d3f8ea5b0;  1 drivers
v0000028d3f8e9360_0 .net *"_ivl_37", 0 0, L_0000028d3f86d9e0;  1 drivers
v0000028d3f8e9540_0 .net *"_ivl_39", 0 0, L_0000028d3f86da50;  1 drivers
v0000028d3f8e8f00_0 .net *"_ivl_4", 0 0, L_0000028d3f86d510;  1 drivers
v0000028d3f8e8aa0_0 .net *"_ivl_7", 0 0, L_0000028d3f8eabf0;  1 drivers
v0000028d3f8e8500_0 .net *"_ivl_8", 0 0, L_0000028d3f86d430;  1 drivers
v0000028d3f8e9860_0 .net "best_location", 1 0, L_0000028d3f8eadd0;  alias, 1 drivers
v0000028d3f8e8280_0 .var "capacity", 2 0;
v0000028d3f8e80a0_0 .var "door_open_signal", 0 0;
v0000028d3f8e85a0_0 .net "entry_sensor", 0 0, L_0000028d3f86e070;  alias, 1 drivers
v0000028d3f8e8780_0 .net "exit_sensor", 0 0, L_0000028d3f86d4a0;  alias, 1 drivers
v0000028d3f8e8320_0 .net "full", 0 0, L_0000028d3f86d6d0;  1 drivers
v0000028d3f8e83c0_0 .var "full_signal", 0 0;
v0000028d3f8e95e0_0 .var "parkings", 3 0;
v0000028d3f8e81e0_0 .var "state", 2 0;
v0000028d3f8e8960_0 .var "temp_state", 0 0;
v0000028d3f8e92c0_0 .var "timer", 15 0;
v0000028d3f8e88c0_0 .net "vacant_parking", 1 0, o0000028d3f88e388;  alias, 0 drivers
E_0000028d3f881430 .event posedge, v0000028d3f85da50_0, v0000028d3f8e30a0_0;
L_0000028d3f8eb0f0 .part v0000028d3f8e95e0_0, 0, 1;
L_0000028d3f8eb2d0 .part v0000028d3f8e95e0_0, 1, 1;
L_0000028d3f8eabf0 .part v0000028d3f8e95e0_0, 2, 1;
L_0000028d3f8eaa10 .part v0000028d3f8e95e0_0, 3, 1;
L_0000028d3f8ebf50 .part v0000028d3f8e95e0_0, 0, 1;
L_0000028d3f8ebaf0 .part v0000028d3f8e95e0_0, 1, 1;
L_0000028d3f8eadd0 .concat8 [ 1 1 0 0], L_0000028d3f86da50, L_0000028d3f86d970;
L_0000028d3f8eb910 .part v0000028d3f8e95e0_0, 1, 1;
L_0000028d3f8ebe10 .part v0000028d3f8e95e0_0, 0, 1;
L_0000028d3f8eae70 .part v0000028d3f8e95e0_0, 2, 1;
L_0000028d3f8ea5b0 .part v0000028d3f8e95e0_0, 0, 1;
    .scope S_0000028d3f84a610;
T_0 ;
    %wait E_0000028d3f880a70;
    %pushi/vec4 0, 0, 4;
    %store/vec4 v0000028d3f863bd0_0, 0, 4;
    %jmp T_0;
    .thread T_0;
    .scope S_0000028d3f84a610;
T_1 ;
    %wait E_0000028d3f8805b0;
    %load/vec4 v0000028d3f863bd0_0;
    %cmpi/e 0, 0, 4;
    %jmp/0xz  T_1.0, 4;
    %load/vec4 v0000028d3f8657f0_0;
    %store/vec4 v0000028d3f865890_0, 0, 1;
    %load/vec4 v0000028d3f863bd0_0;
    %addi 1, 0, 4;
    %store/vec4 v0000028d3f863bd0_0, 0, 4;
T_1.0 ;
    %load/vec4 v0000028d3f863bd0_0;
    %pad/u 32;
    %cmpi/u 8, 0, 32;
    %jmp/0xz  T_1.2, 5;
    %load/vec4 v0000028d3f865890_0;
    %inv;
    %store/vec4 v0000028d3f865890_0, 0, 1;
    %load/vec4 v0000028d3f863bd0_0;
    %addi 1, 0, 4;
    %store/vec4 v0000028d3f863bd0_0, 0, 4;
T_1.2 ;
    %jmp T_1;
    .thread T_1, $push;
    .scope S_0000028d3f8e5e90;
T_2 ;
    %wait E_0000028d3f881970;
    %load/vec4 v0000028d3f8e6950_0;
    %flag_set/vec4 8;
    %jmp/0xz  T_2.0, 8;
    %pushi/vec4 0, 0, 21;
    %store/vec4 v0000028d3f8e6130_0, 0, 21;
    %pushi/vec4 0, 0, 20;
    %store/vec4 v0000028d3f8e6f90_0, 0, 20;
    %pushi/vec4 0, 0, 18;
    %store/vec4 v0000028d3f8e6bd0_0, 0, 18;
    %pushi/vec4 0, 0, 15;
    %store/vec4 v0000028d3f8e6d10_0, 0, 15;
    %pushi/vec4 0, 0, 1;
    %store/vec4 v0000028d3f8e75d0_0, 0, 1;
    %pushi/vec4 0, 0, 1;
    %store/vec4 v0000028d3f8e64f0_0, 0, 1;
    %pushi/vec4 0, 0, 1;
    %store/vec4 v0000028d3f8e69f0_0, 0, 1;
    %pushi/vec4 0, 0, 1;
    %store/vec4 v0000028d3f8e7670_0, 0, 1;
    %jmp T_2.1;
T_2.0 ;
    %load/vec4 v0000028d3f8e6130_0;
    %pad/u 32;
    %cmpi/u 2000000, 0, 32;
    %flag_or 5, 4; GT is !LE
    %flag_inv 5;
    %jmp/0xz  T_2.2, 5;
    %load/vec4 v0000028d3f8e75d0_0;
    %inv;
    %store/vec4 v0000028d3f8e75d0_0, 0, 1;
    %pushi/vec4 0, 0, 21;
    %store/vec4 v0000028d3f8e6130_0, 0, 21;
T_2.2 ;
    %load/vec4 v0000028d3f8e6130_0;
    %addi 1, 0, 21;
    %store/vec4 v0000028d3f8e6130_0, 0, 21;
    %load/vec4 v0000028d3f8e6f90_0;
    %pad/u 32;
    %cmpi/u 1000000, 0, 32;
    %flag_or 5, 4; GT is !LE
    %flag_inv 5;
    %jmp/0xz  T_2.4, 5;
    %load/vec4 v0000028d3f8e64f0_0;
    %inv;
    %store/vec4 v0000028d3f8e64f0_0, 0, 1;
    %pushi/vec4 0, 0, 20;
    %store/vec4 v0000028d3f8e6f90_0, 0, 20;
T_2.4 ;
    %load/vec4 v0000028d3f8e6f90_0;
    %addi 1, 0, 20;
    %store/vec4 v0000028d3f8e6f90_0, 0, 20;
    %load/vec4 v0000028d3f8e6bd0_0;
    %pad/u 32;
    %cmpi/u 10000, 0, 32;
    %flag_or 5, 4; GT is !LE
    %flag_inv 5;
    %jmp/0xz  T_2.6, 5;
    %load/vec4 v0000028d3f8e69f0_0;
    %inv;
    %store/vec4 v0000028d3f8e69f0_0, 0, 1;
    %pushi/vec4 0, 0, 18;
    %store/vec4 v0000028d3f8e6bd0_0, 0, 18;
T_2.6 ;
    %load/vec4 v0000028d3f8e6bd0_0;
    %addi 1, 0, 18;
    %store/vec4 v0000028d3f8e6bd0_0, 0, 18;
    %load/vec4 v0000028d3f8e6d10_0;
    %pad/u 32;
    %cmpi/u 1000, 0, 32;
    %flag_or 5, 4; GT is !LE
    %flag_inv 5;
    %jmp/0xz  T_2.8, 5;
    %load/vec4 v0000028d3f8e7670_0;
    %inv;
    %store/vec4 v0000028d3f8e7670_0, 0, 1;
    %pushi/vec4 0, 0, 15;
    %store/vec4 v0000028d3f8e6d10_0, 0, 15;
T_2.8 ;
    %load/vec4 v0000028d3f8e6d10_0;
    %addi 1, 0, 15;
    %store/vec4 v0000028d3f8e6d10_0, 0, 15;
T_2.1 ;
    %jmp T_2;
    .thread T_2;
    .scope S_0000028d3f815730;
T_3 ;
    %wait E_0000028d3f880ab0;
    %load/vec4 v0000028d3f8e2060_0;
    %assign/vec4 v0000028d3f8e2b00_0, 0;
    %jmp T_3;
    .thread T_3;
    .scope S_0000028d3f8158c0;
T_4 ;
    %wait E_0000028d3f880ab0;
    %load/vec4 v0000028d3f8e22e0_0;
    %assign/vec4 v0000028d3f8e3140_0, 0;
    %jmp T_4;
    .thread T_4;
    .scope S_0000028d3f81ebd0;
T_5 ;
    %wait E_0000028d3f880ab0;
    %load/vec4 v0000028d3f8e3960_0;
    %assign/vec4 v0000028d3f8e3280_0, 0;
    %jmp T_5;
    .thread T_5;
    .scope S_0000028d3f834a50;
T_6 ;
    %wait E_0000028d3f880ab0;
    %load/vec4 v0000028d3f8e35a0_0;
    %assign/vec4 v0000028d3f8e29c0_0, 0;
    %jmp T_6;
    .thread T_6;
    .scope S_0000028d3f834be0;
T_7 ;
    %wait E_0000028d3f880ab0;
    %load/vec4 v0000028d3f8e3320_0;
    %assign/vec4 v0000028d3f8e3640_0, 0;
    %jmp T_7;
    .thread T_7;
    .scope S_0000028d3f843d10;
T_8 ;
    %wait E_0000028d3f880ab0;
    %load/vec4 v0000028d3f8e3780_0;
    %assign/vec4 v0000028d3f8e2a60_0, 0;
    %jmp T_8;
    .thread T_8;
    .scope S_0000028d3f7c66b0;
T_9 ;
    %wait E_0000028d3f880ab0;
    %load/vec4 v0000028d3f8e2380_0;
    %assign/vec4 v0000028d3f8e2600_0, 0;
    %jmp T_9;
    .thread T_9;
    .scope S_0000028d3f8e5080;
T_10 ;
    %wait E_0000028d3f880ab0;
    %load/vec4 v0000028d3f8e2d80_0;
    %assign/vec4 v0000028d3f8e2e20_0, 0;
    %jmp T_10;
    .thread T_10;
    .scope S_0000028d3f8e56c0;
T_11 ;
    %wait E_0000028d3f880ab0;
    %load/vec4 v0000028d3f8e78f0_0;
    %assign/vec4 v0000028d3f8e7ad0_0, 0;
    %jmp T_11;
    .thread T_11;
    .scope S_0000028d3f8e5530;
T_12 ;
    %wait E_0000028d3f880ab0;
    %load/vec4 v0000028d3f8e7210_0;
    %assign/vec4 v0000028d3f8e6310_0, 0;
    %jmp T_12;
    .thread T_12;
    .scope S_0000028d3f8e5850;
T_13 ;
    %wait E_0000028d3f880ab0;
    %load/vec4 v0000028d3f8e6630_0;
    %assign/vec4 v0000028d3f8e72b0_0, 0;
    %jmp T_13;
    .thread T_13;
    .scope S_0000028d3f8e59e0;
T_14 ;
    %wait E_0000028d3f880ab0;
    %load/vec4 v0000028d3f8e7f30_0;
    %assign/vec4 v0000028d3f8e70d0_0, 0;
    %jmp T_14;
    .thread T_14;
    .scope S_0000028d3f8e5210;
T_15 ;
    %wait E_0000028d3f881430;
    %load/vec4 v0000028d3f8e7850_0;
    %flag_set/vec4 8;
    %jmp/0xz  T_15.0, 8;
    %pushi/vec4 0, 0, 3;
    %store/vec4 v0000028d3f8e81e0_0, 0, 3;
    %pushi/vec4 0, 0, 4;
    %store/vec4 v0000028d3f8e95e0_0, 0, 4;
    %pushi/vec4 4, 0, 3;
    %store/vec4 v0000028d3f8e8280_0, 0, 3;
    %pushi/vec4 0, 0, 1;
    %store/vec4 v0000028d3f8e80a0_0, 0, 1;
    %pushi/vec4 0, 0, 1;
    %store/vec4 v0000028d3f8e83c0_0, 0, 1;
    %jmp T_15.1;
T_15.0 ;
    %load/vec4 v0000028d3f8e81e0_0;
    %dup/vec4;
    %pushi/vec4 0, 0, 3;
    %cmp/u;
    %jmp/1 T_15.2, 6;
    %dup/vec4;
    %pushi/vec4 1, 0, 3;
    %cmp/u;
    %jmp/1 T_15.3, 6;
    %dup/vec4;
    %pushi/vec4 2, 0, 3;
    %cmp/u;
    %jmp/1 T_15.4, 6;
    %dup/vec4;
    %pushi/vec4 3, 0, 3;
    %cmp/u;
    %jmp/1 T_15.5, 6;
    %dup/vec4;
    %pushi/vec4 4, 0, 3;
    %cmp/u;
    %jmp/1 T_15.6, 6;
    %jmp T_15.7;
T_15.2 ;
    %pushi/vec4 0, 0, 16;
    %store/vec4 v0000028d3f8e92c0_0, 0, 16;
    %load/vec4 v0000028d3f8e85a0_0;
    %load/vec4 v0000028d3f8e8780_0;
    %inv;
    %and;
    %flag_set/vec4 8;
    %jmp/0xz  T_15.8, 8;
    %load/vec4 v0000028d3f8e8320_0;
    %flag_set/vec4 8;
    %jmp/0xz  T_15.10, 8;
    %pushi/vec4 2, 0, 3;
    %store/vec4 v0000028d3f8e81e0_0, 0, 3;
    %pushi/vec4 1, 0, 1;
    %store/vec4 v0000028d3f8e83c0_0, 0, 1;
    %jmp T_15.11;
T_15.10 ;
    %pushi/vec4 1, 0, 3;
    %store/vec4 v0000028d3f8e81e0_0, 0, 3;
    %pushi/vec4 1, 0, 1;
    %store/vec4 v0000028d3f8e8960_0, 0, 1;
    %pushi/vec4 1, 0, 1;
    %store/vec4 v0000028d3f8e80a0_0, 0, 1;
T_15.11 ;
T_15.8 ;
    %load/vec4 v0000028d3f8e85a0_0;
    %inv;
    %load/vec4 v0000028d3f8e8780_0;
    %and;
    %flag_set/vec4 8;
    %jmp/0xz  T_15.12, 8;
    %load/vec4 v0000028d3f8e88c0_0;
    %parti/s 1, 1, 2;
    %inv;
    %load/vec4 v0000028d3f8e88c0_0;
    %parti/s 1, 0, 2;
    %inv;
    %and;
    %load/vec4 v0000028d3f8e95e0_0;
    %parti/s 1, 0, 2;
    %and;
    %load/vec4 v0000028d3f8e88c0_0;
    %parti/s 1, 1, 2;
    %inv;
    %load/vec4 v0000028d3f8e88c0_0;
    %parti/s 1, 0, 2;
    %and;
    %load/vec4 v0000028d3f8e95e0_0;
    %parti/s 1, 1, 2;
    %and;
    %or;
    %load/vec4 v0000028d3f8e88c0_0;
    %parti/s 1, 1, 2;
    %load/vec4 v0000028d3f8e88c0_0;
    %parti/s 1, 0, 2;
    %inv;
    %and;
    %load/vec4 v0000028d3f8e95e0_0;
    %parti/s 1, 2, 3;
    %and;
    %or;
    %load/vec4 v0000028d3f8e88c0_0;
    %parti/s 1, 1, 2;
    %load/vec4 v0000028d3f8e88c0_0;
    %parti/s 1, 0, 2;
    %and;
    %load/vec4 v0000028d3f8e95e0_0;
    %parti/s 1, 3, 3;
    %and;
    %or;
    %flag_set/vec4 8;
    %jmp/0xz  T_15.14, 8;
    %pushi/vec4 1, 0, 3;
    %store/vec4 v0000028d3f8e81e0_0, 0, 3;
    %pushi/vec4 0, 0, 1;
    %store/vec4 v0000028d3f8e8960_0, 0, 1;
    %pushi/vec4 1, 0, 1;
    %store/vec4 v0000028d3f8e80a0_0, 0, 1;
T_15.14 ;
T_15.12 ;
    %jmp T_15.7;
T_15.3 ;
    %load/vec4 v0000028d3f8e92c0_0;
    %addi 1, 0, 16;
    %store/vec4 v0000028d3f8e92c0_0, 0, 16;
    %load/vec4 v0000028d3f8e92c0_0;
    %pad/u 32;
    %cmpi/u 60000, 0, 32;
    %flag_or 5, 4; GT is !LE
    %flag_inv 5;
    %jmp/0xz  T_15.16, 5;
    %load/vec4 v0000028d3f8e8960_0;
    %flag_set/vec4 8;
    %jmp/0xz  T_15.18, 8;
    %pushi/vec4 3, 0, 3;
    %store/vec4 v0000028d3f8e81e0_0, 0, 3;
    %jmp T_15.19;
T_15.18 ;
    %pushi/vec4 4, 0, 3;
    %store/vec4 v0000028d3f8e81e0_0, 0, 3;
T_15.19 ;
    %pushi/vec4 0, 0, 1;
    %store/vec4 v0000028d3f8e80a0_0, 0, 1;
T_15.16 ;
    %jmp T_15.7;
T_15.4 ;
    %load/vec4 v0000028d3f8e92c0_0;
    %addi 1, 0, 16;
    %store/vec4 v0000028d3f8e92c0_0, 0, 16;
    %load/vec4 v0000028d3f8e92c0_0;
    %pad/u 32;
    %cmpi/u 10000, 0, 32;
    %flag_or 5, 4; GT is !LE
    %flag_inv 5;
    %jmp/0xz  T_15.20, 5;
    %pushi/vec4 0, 0, 3;
    %store/vec4 v0000028d3f8e81e0_0, 0, 3;
    %pushi/vec4 0, 0, 1;
    %store/vec4 v0000028d3f8e83c0_0, 0, 1;
T_15.20 ;
    %jmp T_15.7;
T_15.5 ;
    %load/vec4 v0000028d3f8e95e0_0;
    %parti/s 1, 3, 3;
    %load/vec4 v0000028d3f8e95e0_0;
    %parti/s 1, 0, 2;
    %load/vec4 v0000028d3f8e95e0_0;
    %parti/s 1, 1, 2;
    %and;
    %load/vec4 v0000028d3f8e95e0_0;
    %parti/s 1, 2, 3;
    %and;
    %or;
    %ix/load 4, 3, 0;
    %flag_set/imm 4, 0;
    %store/vec4 v0000028d3f8e95e0_0, 4, 1;
    %load/vec4 v0000028d3f8e95e0_0;
    %parti/s 1, 2, 3;
    %load/vec4 v0000028d3f8e95e0_0;
    %parti/s 1, 0, 2;
    %load/vec4 v0000028d3f8e95e0_0;
    %parti/s 1, 1, 2;
    %and;
    %or;
    %ix/load 4, 2, 0;
    %flag_set/imm 4, 0;
    %store/vec4 v0000028d3f8e95e0_0, 4, 1;
    %load/vec4 v0000028d3f8e95e0_0;
    %parti/s 1, 1, 2;
    %load/vec4 v0000028d3f8e95e0_0;
    %parti/s 1, 0, 2;
    %or;
    %ix/load 4, 1, 0;
    %flag_set/imm 4, 0;
    %store/vec4 v0000028d3f8e95e0_0, 4, 1;
    %pushi/vec4 1, 0, 1;
    %ix/load 4, 0, 0;
    %flag_set/imm 4, 0;
    %store/vec4 v0000028d3f8e95e0_0, 4, 1;
    %load/vec4 v0000028d3f8e8280_0;
    %subi 1, 0, 3;
    %store/vec4 v0000028d3f8e8280_0, 0, 3;
    %pushi/vec4 0, 0, 3;
    %store/vec4 v0000028d3f8e81e0_0, 0, 3;
    %jmp T_15.7;
T_15.6 ;
    %load/vec4 v0000028d3f8e95e0_0;
    %parti/s 1, 0, 2;
    %load/vec4 v0000028d3f8e88c0_0;
    %parti/s 1, 1, 2;
    %inv;
    %load/vec4 v0000028d3f8e88c0_0;
    %parti/s 1, 0, 2;
    %inv;
    %and;
    %inv;
    %and;
    %ix/load 4, 0, 0;
    %flag_set/imm 4, 0;
    %store/vec4 v0000028d3f8e95e0_0, 4, 1;
    %load/vec4 v0000028d3f8e95e0_0;
    %parti/s 1, 1, 2;
    %load/vec4 v0000028d3f8e88c0_0;
    %parti/s 1, 1, 2;
    %inv;
    %load/vec4 v0000028d3f8e88c0_0;
    %parti/s 1, 0, 2;
    %and;
    %inv;
    %and;
    %ix/load 4, 1, 0;
    %flag_set/imm 4, 0;
    %store/vec4 v0000028d3f8e95e0_0, 4, 1;
    %load/vec4 v0000028d3f8e95e0_0;
    %parti/s 1, 2, 3;
    %load/vec4 v0000028d3f8e88c0_0;
    %parti/s 1, 1, 2;
    %load/vec4 v0000028d3f8e88c0_0;
    %parti/s 1, 0, 2;
    %inv;
    %and;
    %inv;
    %and;
    %ix/load 4, 2, 0;
    %flag_set/imm 4, 0;
    %store/vec4 v0000028d3f8e95e0_0, 4, 1;
    %load/vec4 v0000028d3f8e95e0_0;
    %parti/s 1, 3, 3;
    %load/vec4 v0000028d3f8e88c0_0;
    %parti/s 1, 1, 2;
    %load/vec4 v0000028d3f8e88c0_0;
    %parti/s 1, 0, 2;
    %and;
    %inv;
    %and;
    %ix/load 4, 3, 0;
    %flag_set/imm 4, 0;
    %store/vec4 v0000028d3f8e95e0_0, 4, 1;
    %load/vec4 v0000028d3f8e8280_0;
    %addi 1, 0, 3;
    %store/vec4 v0000028d3f8e8280_0, 0, 3;
    %pushi/vec4 0, 0, 3;
    %store/vec4 v0000028d3f8e81e0_0, 0, 3;
    %jmp T_15.7;
T_15.7 ;
    %pop/vec4 1;
T_15.1 ;
    %jmp T_15;
    .thread T_15;
    .scope S_0000028d3f8309b0;
T_16 ;
    %wait E_0000028d3f880870;
    %pushi/vec4 0, 0, 32;
    %load/vec4 v0000028d3f865930_0;
    %pad/u 32;
    %cmp/u;
    %flag_get/vec4 4;
    %flag_get/vec4 5;
    %or;
    %load/vec4 v0000028d3f865930_0;
    %pad/u 32;
    %cmpi/u 10, 0, 32;
    %flag_get/vec4 5;
    %and;
    %flag_set/vec4 8;
    %jmp/0xz  T_16.0, 8;
    %load/vec4 v0000028d3f865930_0;
    %store/vec4 v0000028d3f863db0_0, 0, 7;
    %pushi/vec4 0, 0, 4;
    %load/vec4 v0000028d3f863db0_0;
    %parti/s 4, 0, 2;
    %concat/vec4; draw_concat_vec4
    %store/vec4 v0000028d3f863ef0_0, 0, 8;
T_16.0 ;
    %pushi/vec4 10, 0, 32;
    %load/vec4 v0000028d3f865930_0;
    %pad/u 32;
    %cmp/u;
    %flag_get/vec4 4;
    %flag_get/vec4 5;
    %or;
    %load/vec4 v0000028d3f865930_0;
    %pad/u 32;
    %cmpi/u 20, 0, 32;
    %flag_get/vec4 5;
    %and;
    %flag_set/vec4 8;
    %jmp/0xz  T_16.2, 8;
    %load/vec4 v0000028d3f865930_0;
    %subi 10, 0, 7;
    %store/vec4 v0000028d3f863db0_0, 0, 7;
    %pushi/vec4 1, 0, 4;
    %load/vec4 v0000028d3f863db0_0;
    %parti/s 4, 0, 2;
    %concat/vec4; draw_concat_vec4
    %store/vec4 v0000028d3f863ef0_0, 0, 8;
T_16.2 ;
    %pushi/vec4 20, 0, 32;
    %load/vec4 v0000028d3f865930_0;
    %pad/u 32;
    %cmp/u;
    %flag_get/vec4 4;
    %flag_get/vec4 5;
    %or;
    %load/vec4 v0000028d3f865930_0;
    %pad/u 32;
    %cmpi/u 30, 0, 32;
    %flag_get/vec4 5;
    %and;
    %flag_set/vec4 8;
    %jmp/0xz  T_16.4, 8;
    %load/vec4 v0000028d3f865930_0;
    %subi 20, 0, 7;
    %store/vec4 v0000028d3f863db0_0, 0, 7;
    %pushi/vec4 2, 0, 4;
    %load/vec4 v0000028d3f863db0_0;
    %parti/s 4, 0, 2;
    %concat/vec4; draw_concat_vec4
    %store/vec4 v0000028d3f863ef0_0, 0, 8;
T_16.4 ;
    %pushi/vec4 30, 0, 32;
    %load/vec4 v0000028d3f865930_0;
    %pad/u 32;
    %cmp/u;
    %flag_get/vec4 4;
    %flag_get/vec4 5;
    %or;
    %load/vec4 v0000028d3f865930_0;
    %pad/u 32;
    %cmpi/u 40, 0, 32;
    %flag_get/vec4 5;
    %and;
    %flag_set/vec4 8;
    %jmp/0xz  T_16.6, 8;
    %load/vec4 v0000028d3f865930_0;
    %subi 30, 0, 7;
    %store/vec4 v0000028d3f863db0_0, 0, 7;
    %pushi/vec4 3, 0, 4;
    %load/vec4 v0000028d3f863db0_0;
    %parti/s 4, 0, 2;
    %concat/vec4; draw_concat_vec4
    %store/vec4 v0000028d3f863ef0_0, 0, 8;
T_16.6 ;
    %pushi/vec4 40, 0, 32;
    %load/vec4 v0000028d3f865930_0;
    %pad/u 32;
    %cmp/u;
    %flag_get/vec4 4;
    %flag_get/vec4 5;
    %or;
    %load/vec4 v0000028d3f865930_0;
    %pad/u 32;
    %cmpi/u 50, 0, 32;
    %flag_get/vec4 5;
    %and;
    %flag_set/vec4 8;
    %jmp/0xz  T_16.8, 8;
    %load/vec4 v0000028d3f865930_0;
    %subi 40, 0, 7;
    %store/vec4 v0000028d3f863db0_0, 0, 7;
    %pushi/vec4 4, 0, 4;
    %load/vec4 v0000028d3f863db0_0;
    %parti/s 4, 0, 2;
    %concat/vec4; draw_concat_vec4
    %store/vec4 v0000028d3f863ef0_0, 0, 8;
T_16.8 ;
    %pushi/vec4 50, 0, 32;
    %load/vec4 v0000028d3f865930_0;
    %pad/u 32;
    %cmp/u;
    %flag_get/vec4 4;
    %flag_get/vec4 5;
    %or;
    %load/vec4 v0000028d3f865930_0;
    %pad/u 32;
    %cmpi/u 60, 0, 32;
    %flag_get/vec4 5;
    %and;
    %flag_set/vec4 8;
    %jmp/0xz  T_16.10, 8;
    %load/vec4 v0000028d3f865930_0;
    %subi 50, 0, 7;
    %store/vec4 v0000028d3f863db0_0, 0, 7;
    %pushi/vec4 5, 0, 4;
    %load/vec4 v0000028d3f863db0_0;
    %parti/s 4, 0, 2;
    %concat/vec4; draw_concat_vec4
    %store/vec4 v0000028d3f863ef0_0, 0, 8;
T_16.10 ;
    %pushi/vec4 60, 0, 32;
    %load/vec4 v0000028d3f865930_0;
    %pad/u 32;
    %cmp/u;
    %flag_get/vec4 4;
    %flag_get/vec4 5;
    %or;
    %load/vec4 v0000028d3f865930_0;
    %pad/u 32;
    %cmpi/u 70, 0, 32;
    %flag_get/vec4 5;
    %and;
    %flag_set/vec4 8;
    %jmp/0xz  T_16.12, 8;
    %load/vec4 v0000028d3f865930_0;
    %subi 60, 0, 7;
    %store/vec4 v0000028d3f863db0_0, 0, 7;
    %pushi/vec4 6, 0, 4;
    %load/vec4 v0000028d3f863db0_0;
    %parti/s 4, 0, 2;
    %concat/vec4; draw_concat_vec4
    %store/vec4 v0000028d3f863ef0_0, 0, 8;
T_16.12 ;
    %pushi/vec4 70, 0, 32;
    %load/vec4 v0000028d3f865930_0;
    %pad/u 32;
    %cmp/u;
    %flag_get/vec4 4;
    %flag_get/vec4 5;
    %or;
    %load/vec4 v0000028d3f865930_0;
    %pad/u 32;
    %cmpi/u 80, 0, 32;
    %flag_get/vec4 5;
    %and;
    %flag_set/vec4 8;
    %jmp/0xz  T_16.14, 8;
    %load/vec4 v0000028d3f865930_0;
    %pad/u 8;
    %subi 70, 0, 8;
    %pad/u 7;
    %store/vec4 v0000028d3f863db0_0, 0, 7;
    %pushi/vec4 7, 0, 4;
    %load/vec4 v0000028d3f863db0_0;
    %parti/s 4, 0, 2;
    %concat/vec4; draw_concat_vec4
    %store/vec4 v0000028d3f863ef0_0, 0, 8;
T_16.14 ;
    %pushi/vec4 80, 0, 32;
    %load/vec4 v0000028d3f865930_0;
    %pad/u 32;
    %cmp/u;
    %flag_get/vec4 4;
    %flag_get/vec4 5;
    %or;
    %load/vec4 v0000028d3f865930_0;
    %pad/u 32;
    %cmpi/u 90, 0, 32;
    %flag_get/vec4 5;
    %and;
    %flag_set/vec4 8;
    %jmp/0xz  T_16.16, 8;
    %load/vec4 v0000028d3f865930_0;
    %pad/u 8;
    %subi 80, 0, 8;
    %pad/u 7;
    %store/vec4 v0000028d3f863db0_0, 0, 7;
    %pushi/vec4 8, 0, 4;
    %load/vec4 v0000028d3f863db0_0;
    %parti/s 4, 0, 2;
    %concat/vec4; draw_concat_vec4
    %store/vec4 v0000028d3f863ef0_0, 0, 8;
T_16.16 ;
    %pushi/vec4 90, 0, 32;
    %load/vec4 v0000028d3f865930_0;
    %pad/u 32;
    %cmp/u;
    %flag_get/vec4 4;
    %flag_get/vec4 5;
    %or;
    %load/vec4 v0000028d3f865930_0;
    %pad/u 32;
    %cmpi/u 100, 0, 32;
    %flag_get/vec4 5;
    %and;
    %flag_set/vec4 8;
    %jmp/0xz  T_16.18, 8;
    %load/vec4 v0000028d3f865930_0;
    %pad/u 8;
    %subi 90, 0, 8;
    %pad/u 7;
    %store/vec4 v0000028d3f863db0_0, 0, 7;
    %pushi/vec4 9, 0, 4;
    %load/vec4 v0000028d3f863db0_0;
    %parti/s 4, 0, 2;
    %concat/vec4; draw_concat_vec4
    %store/vec4 v0000028d3f863ef0_0, 0, 8;
T_16.18 ;
    %jmp T_16;
    .thread T_16, $push;
    .scope S_0000028d3f834520;
T_17 ;
    %wait E_0000028d3f8808b0;
    %pushi/vec4 0, 0, 32;
    %load/vec4 v0000028d3f8643f0_0;
    %pad/u 32;
    %cmp/u;
    %flag_get/vec4 4;
    %flag_get/vec4 5;
    %or;
    %load/vec4 v0000028d3f8643f0_0;
    %pad/u 32;
    %cmpi/u 10, 0, 32;
    %flag_get/vec4 5;
    %and;
    %flag_set/vec4 8;
    %jmp/0xz  T_17.0, 8;
    %load/vec4 v0000028d3f8643f0_0;
    %store/vec4 v0000028d3f85e8b0_0, 0, 7;
    %pushi/vec4 0, 0, 4;
    %load/vec4 v0000028d3f85e8b0_0;
    %parti/s 4, 0, 2;
    %concat/vec4; draw_concat_vec4
    %store/vec4 v0000028d3f863f90_0, 0, 8;
T_17.0 ;
    %pushi/vec4 10, 0, 32;
    %load/vec4 v0000028d3f8643f0_0;
    %pad/u 32;
    %cmp/u;
    %flag_get/vec4 4;
    %flag_get/vec4 5;
    %or;
    %load/vec4 v0000028d3f8643f0_0;
    %pad/u 32;
    %cmpi/u 20, 0, 32;
    %flag_get/vec4 5;
    %and;
    %flag_set/vec4 8;
    %jmp/0xz  T_17.2, 8;
    %load/vec4 v0000028d3f8643f0_0;
    %subi 10, 0, 7;
    %store/vec4 v0000028d3f85e8b0_0, 0, 7;
    %pushi/vec4 1, 0, 4;
    %load/vec4 v0000028d3f85e8b0_0;
    %parti/s 4, 0, 2;
    %concat/vec4; draw_concat_vec4
    %store/vec4 v0000028d3f863f90_0, 0, 8;
T_17.2 ;
    %pushi/vec4 20, 0, 32;
    %load/vec4 v0000028d3f8643f0_0;
    %pad/u 32;
    %cmp/u;
    %flag_get/vec4 4;
    %flag_get/vec4 5;
    %or;
    %load/vec4 v0000028d3f8643f0_0;
    %pad/u 32;
    %cmpi/u 30, 0, 32;
    %flag_get/vec4 5;
    %and;
    %flag_set/vec4 8;
    %jmp/0xz  T_17.4, 8;
    %load/vec4 v0000028d3f8643f0_0;
    %subi 20, 0, 7;
    %store/vec4 v0000028d3f85e8b0_0, 0, 7;
    %pushi/vec4 2, 0, 4;
    %load/vec4 v0000028d3f85e8b0_0;
    %parti/s 4, 0, 2;
    %concat/vec4; draw_concat_vec4
    %store/vec4 v0000028d3f863f90_0, 0, 8;
T_17.4 ;
    %pushi/vec4 30, 0, 32;
    %load/vec4 v0000028d3f8643f0_0;
    %pad/u 32;
    %cmp/u;
    %flag_get/vec4 4;
    %flag_get/vec4 5;
    %or;
    %load/vec4 v0000028d3f8643f0_0;
    %pad/u 32;
    %cmpi/u 40, 0, 32;
    %flag_get/vec4 5;
    %and;
    %flag_set/vec4 8;
    %jmp/0xz  T_17.6, 8;
    %load/vec4 v0000028d3f8643f0_0;
    %subi 30, 0, 7;
    %store/vec4 v0000028d3f85e8b0_0, 0, 7;
    %pushi/vec4 3, 0, 4;
    %load/vec4 v0000028d3f85e8b0_0;
    %parti/s 4, 0, 2;
    %concat/vec4; draw_concat_vec4
    %store/vec4 v0000028d3f863f90_0, 0, 8;
T_17.6 ;
    %pushi/vec4 40, 0, 32;
    %load/vec4 v0000028d3f8643f0_0;
    %pad/u 32;
    %cmp/u;
    %flag_get/vec4 4;
    %flag_get/vec4 5;
    %or;
    %load/vec4 v0000028d3f8643f0_0;
    %pad/u 32;
    %cmpi/u 50, 0, 32;
    %flag_get/vec4 5;
    %and;
    %flag_set/vec4 8;
    %jmp/0xz  T_17.8, 8;
    %load/vec4 v0000028d3f8643f0_0;
    %subi 40, 0, 7;
    %store/vec4 v0000028d3f85e8b0_0, 0, 7;
    %pushi/vec4 4, 0, 4;
    %load/vec4 v0000028d3f85e8b0_0;
    %parti/s 4, 0, 2;
    %concat/vec4; draw_concat_vec4
    %store/vec4 v0000028d3f863f90_0, 0, 8;
T_17.8 ;
    %pushi/vec4 50, 0, 32;
    %load/vec4 v0000028d3f8643f0_0;
    %pad/u 32;
    %cmp/u;
    %flag_get/vec4 4;
    %flag_get/vec4 5;
    %or;
    %load/vec4 v0000028d3f8643f0_0;
    %pad/u 32;
    %cmpi/u 60, 0, 32;
    %flag_get/vec4 5;
    %and;
    %flag_set/vec4 8;
    %jmp/0xz  T_17.10, 8;
    %load/vec4 v0000028d3f8643f0_0;
    %subi 50, 0, 7;
    %store/vec4 v0000028d3f85e8b0_0, 0, 7;
    %pushi/vec4 5, 0, 4;
    %load/vec4 v0000028d3f85e8b0_0;
    %parti/s 4, 0, 2;
    %concat/vec4; draw_concat_vec4
    %store/vec4 v0000028d3f863f90_0, 0, 8;
T_17.10 ;
    %pushi/vec4 60, 0, 32;
    %load/vec4 v0000028d3f8643f0_0;
    %pad/u 32;
    %cmp/u;
    %flag_get/vec4 4;
    %flag_get/vec4 5;
    %or;
    %load/vec4 v0000028d3f8643f0_0;
    %pad/u 32;
    %cmpi/u 70, 0, 32;
    %flag_get/vec4 5;
    %and;
    %flag_set/vec4 8;
    %jmp/0xz  T_17.12, 8;
    %load/vec4 v0000028d3f8643f0_0;
    %subi 60, 0, 7;
    %store/vec4 v0000028d3f85e8b0_0, 0, 7;
    %pushi/vec4 6, 0, 4;
    %load/vec4 v0000028d3f85e8b0_0;
    %parti/s 4, 0, 2;
    %concat/vec4; draw_concat_vec4
    %store/vec4 v0000028d3f863f90_0, 0, 8;
T_17.12 ;
    %pushi/vec4 70, 0, 32;
    %load/vec4 v0000028d3f8643f0_0;
    %pad/u 32;
    %cmp/u;
    %flag_get/vec4 4;
    %flag_get/vec4 5;
    %or;
    %load/vec4 v0000028d3f8643f0_0;
    %pad/u 32;
    %cmpi/u 80, 0, 32;
    %flag_get/vec4 5;
    %and;
    %flag_set/vec4 8;
    %jmp/0xz  T_17.14, 8;
    %load/vec4 v0000028d3f8643f0_0;
    %pad/u 8;
    %subi 70, 0, 8;
    %pad/u 7;
    %store/vec4 v0000028d3f85e8b0_0, 0, 7;
    %pushi/vec4 7, 0, 4;
    %load/vec4 v0000028d3f85e8b0_0;
    %parti/s 4, 0, 2;
    %concat/vec4; draw_concat_vec4
    %store/vec4 v0000028d3f863f90_0, 0, 8;
T_17.14 ;
    %pushi/vec4 80, 0, 32;
    %load/vec4 v0000028d3f8643f0_0;
    %pad/u 32;
    %cmp/u;
    %flag_get/vec4 4;
    %flag_get/vec4 5;
    %or;
    %load/vec4 v0000028d3f8643f0_0;
    %pad/u 32;
    %cmpi/u 90, 0, 32;
    %flag_get/vec4 5;
    %and;
    %flag_set/vec4 8;
    %jmp/0xz  T_17.16, 8;
    %load/vec4 v0000028d3f8643f0_0;
    %pad/u 8;
    %subi 80, 0, 8;
    %pad/u 7;
    %store/vec4 v0000028d3f85e8b0_0, 0, 7;
    %pushi/vec4 8, 0, 4;
    %load/vec4 v0000028d3f85e8b0_0;
    %parti/s 4, 0, 2;
    %concat/vec4; draw_concat_vec4
    %store/vec4 v0000028d3f863f90_0, 0, 8;
T_17.16 ;
    %pushi/vec4 90, 0, 32;
    %load/vec4 v0000028d3f8643f0_0;
    %pad/u 32;
    %cmp/u;
    %flag_get/vec4 4;
    %flag_get/vec4 5;
    %or;
    %load/vec4 v0000028d3f8643f0_0;
    %pad/u 32;
    %cmpi/u 100, 0, 32;
    %flag_get/vec4 5;
    %and;
    %flag_set/vec4 8;
    %jmp/0xz  T_17.18, 8;
    %load/vec4 v0000028d3f8643f0_0;
    %pad/u 8;
    %subi 90, 0, 8;
    %pad/u 7;
    %store/vec4 v0000028d3f85e8b0_0, 0, 7;
    %pushi/vec4 9, 0, 4;
    %load/vec4 v0000028d3f85e8b0_0;
    %parti/s 4, 0, 2;
    %concat/vec4; draw_concat_vec4
    %store/vec4 v0000028d3f863f90_0, 0, 8;
T_17.18 ;
    %jmp T_17;
    .thread T_17, $push;
    .scope S_0000028d3f841ff0;
T_18 ;
    %wait E_0000028d3f8806f0;
    %load/vec4 v0000028d3f85da50_0;
    %flag_set/vec4 8;
    %jmp/0xz  T_18.0, 8;
    %pushi/vec4 0, 0, 2;
    %store/vec4 v0000028d3f85e130_0, 0, 2;
    %jmp T_18.1;
T_18.0 ;
    %load/vec4 v0000028d3f85e130_0;
    %dup/vec4;
    %pushi/vec4 0, 0, 2;
    %cmp/u;
    %jmp/1 T_18.2, 6;
    %dup/vec4;
    %pushi/vec4 1, 0, 2;
    %cmp/u;
    %jmp/1 T_18.3, 6;
    %dup/vec4;
    %pushi/vec4 2, 0, 2;
    %cmp/u;
    %jmp/1 T_18.4, 6;
    %dup/vec4;
    %pushi/vec4 3, 0, 2;
    %cmp/u;
    %jmp/1 T_18.5, 6;
    %jmp T_18.6;
T_18.2 ;
    %load/vec4 v0000028d3f85db90_0;
    %parti/s 4, 0, 2;
    %store/vec4 v0000028d3f85dd70_0, 0, 4;
    %pushi/vec4 1, 0, 4;
    %store/vec4 v0000028d3f85dc30_0, 0, 4;
    %jmp T_18.6;
T_18.3 ;
    %load/vec4 v0000028d3f85db90_0;
    %parti/s 4, 4, 4;
    %store/vec4 v0000028d3f85dd70_0, 0, 4;
    %pushi/vec4 2, 0, 4;
    %store/vec4 v0000028d3f85dc30_0, 0, 4;
    %jmp T_18.6;
T_18.4 ;
    %load/vec4 v0000028d3f85db90_0;
    %parti/s 4, 8, 5;
    %store/vec4 v0000028d3f85dd70_0, 0, 4;
    %pushi/vec4 4, 0, 4;
    %store/vec4 v0000028d3f85dc30_0, 0, 4;
    %jmp T_18.6;
T_18.5 ;
    %load/vec4 v0000028d3f85db90_0;
    %parti/s 4, 12, 5;
    %store/vec4 v0000028d3f85dd70_0, 0, 4;
    %pushi/vec4 8, 0, 4;
    %store/vec4 v0000028d3f85dc30_0, 0, 4;
    %jmp T_18.6;
T_18.6 ;
    %pop/vec4 1;
    %load/vec4 v0000028d3f85e130_0;
    %addi 1, 0, 2;
    %store/vec4 v0000028d3f85e130_0, 0, 2;
T_18.1 ;
    %jmp T_18;
    .thread T_18;
    .scope S_0000028d3f8346b0;
T_19 ;
    %wait E_0000028d3f8808f0;
    %load/vec4 v0000028d3f8e3000_0;
    %dup/vec4;
    %pushi/vec4 0, 0, 4;
    %cmp/u;
    %jmp/1 T_19.0, 6;
    %dup/vec4;
    %pushi/vec4 1, 0, 4;
    %cmp/u;
    %jmp/1 T_19.1, 6;
    %dup/vec4;
    %pushi/vec4 2, 0, 4;
    %cmp/u;
    %jmp/1 T_19.2, 6;
    %dup/vec4;
    %pushi/vec4 3, 0, 4;
    %cmp/u;
    %jmp/1 T_19.3, 6;
    %dup/vec4;
    %pushi/vec4 4, 0, 4;
    %cmp/u;
    %jmp/1 T_19.4, 6;
    %dup/vec4;
    %pushi/vec4 5, 0, 4;
    %cmp/u;
    %jmp/1 T_19.5, 6;
    %dup/vec4;
    %pushi/vec4 6, 0, 4;
    %cmp/u;
    %jmp/1 T_19.6, 6;
    %dup/vec4;
    %pushi/vec4 7, 0, 4;
    %cmp/u;
    %jmp/1 T_19.7, 6;
    %dup/vec4;
    %pushi/vec4 8, 0, 4;
    %cmp/u;
    %jmp/1 T_19.8, 6;
    %dup/vec4;
    %pushi/vec4 9, 0, 4;
    %cmp/u;
    %jmp/1 T_19.9, 6;
    %jmp T_19.10;
T_19.0 ;
    %pushi/vec4 63, 0, 8;
    %store/vec4 v0000028d3f8e3460_0, 0, 8;
    %jmp T_19.10;
T_19.1 ;
    %pushi/vec4 6, 0, 8;
    %store/vec4 v0000028d3f8e3460_0, 0, 8;
    %jmp T_19.10;
T_19.2 ;
    %pushi/vec4 91, 0, 8;
    %store/vec4 v0000028d3f8e3460_0, 0, 8;
    %jmp T_19.10;
T_19.3 ;
    %pushi/vec4 79, 0, 8;
    %store/vec4 v0000028d3f8e3460_0, 0, 8;
    %jmp T_19.10;
T_19.4 ;
    %pushi/vec4 102, 0, 8;
    %store/vec4 v0000028d3f8e3460_0, 0, 8;
    %jmp T_19.10;
T_19.5 ;
    %pushi/vec4 109, 0, 8;
    %store/vec4 v0000028d3f8e3460_0, 0, 8;
    %jmp T_19.10;
T_19.6 ;
    %pushi/vec4 125, 0, 8;
    %store/vec4 v0000028d3f8e3460_0, 0, 8;
    %jmp T_19.10;
T_19.7 ;
    %pushi/vec4 7, 0, 8;
    %store/vec4 v0000028d3f8e3460_0, 0, 8;
    %jmp T_19.10;
T_19.8 ;
    %pushi/vec4 127, 0, 8;
    %store/vec4 v0000028d3f8e3460_0, 0, 8;
    %jmp T_19.10;
T_19.9 ;
    %pushi/vec4 111, 0, 8;
    %store/vec4 v0000028d3f8e3460_0, 0, 8;
    %jmp T_19.10;
T_19.10 ;
    %pop/vec4 1;
    %jmp T_19;
    .thread T_19, $push;
# The file index is used to find the file name in the following table.
:file_names 12;
    "N/A";
    "<interactive>";
    "./door_open_signal_control.v";
    "./full_signal_control.v";
    "manage_parking.v";
    "./binary_bcd.v";
    "./bcd_seven_segment.v";
    "./digit_multiplexer.v";
    "./debouncer.v";
    "./d_flip_flop.v";
    "./frequency_divider.v";
    "./control_fsm.v";
