#! /c/Source/iverilog-install/bin/vvp
:ivl_version "12.0 (devel)" "(s20150603-1539-g2693dd32b)";
:ivl_delay_selection "TYPICAL";
:vpi_time_precision + 0;
:vpi_module "C:\iverilog\lib\ivl\system.vpi";
:vpi_module "C:\iverilog\lib\ivl\vhdl_sys.vpi";
:vpi_module "C:\iverilog\lib\ivl\vhdl_textio.vpi";
:vpi_module "C:\iverilog\lib\ivl\v2005_math.vpi";
:vpi_module "C:\iverilog\lib\ivl\va_math.vpi";
S_0000020359a74a70 .scope module, "control_fsm" "control_fsm" 2 5;
 .timescale 0 0;
    .port_info 0 /INPUT 1 "entry_sensor";
    .port_info 1 /INPUT 1 "exit_sensor";
    .port_info 2 /INPUT 2 "vacant_parking";
    .port_info 3 /INPUT 1 "CLK";
    .port_info 4 /INPUT 1 "RESET";
    .port_info 5 /OUTPUT 7 "left_display";
    .port_info 6 /OUTPUT 7 "right_display";
    .port_info 7 /OUTPUT 1 "display_mode";
    .port_info 8 /OUTPUT 4 "parkings";
    .port_info 9 /OUTPUT 1 "door_open_signal";
    .port_info 10 /OUTPUT 1 "full_signal";
P_0000020359b3e330 .param/l "CAR_ENTERING" 0 2 17, C4<011>;
P_0000020359b3e368 .param/l "CAR_EXITING" 0 2 17, C4<100>;
P_0000020359b3e3a0 .param/l "DISPLAY_INFO" 0 2 27, C4<1>;
P_0000020359b3e3d8 .param/l "DISPLAY_TIMER" 0 2 27, C4<0>;
P_0000020359b3e410 .param/l "DOOR_OPEN" 0 2 17, C4<001>;
P_0000020359b3e448 .param/l "DOOR_OPEN_DELAY" 0 2 22, +C4<00000000000000000000000011111010>;
P_0000020359b3e480 .param/l "FULL" 0 2 17, C4<010>;
P_0000020359b3e4b8 .param/l "FULL_DELAY" 0 2 23, +C4<00000000000000000000000111110100>;
P_0000020359b3e4f0 .param/l "IDLE" 0 2 17, C4<000>;
L_0000020359a8fa40 .functor AND 1, L_0000020359b07ae0, L_0000020359b09020, C4<1>, C4<1>;
L_0000020359a8fc00 .functor AND 1, L_0000020359a8fa40, L_0000020359b07ea0, C4<1>, C4<1>;
L_0000020359a8fce0 .functor AND 1, L_0000020359a8fc00, L_0000020359b090c0, C4<1>, C4<1>;
L_0000020359b0a040 .functor AND 1, L_0000020359b08d00, L_0000020359b08da0, C4<1>, C4<1>;
L_0000020359b0a270 .functor NOT 1, L_0000020359b08b20, C4<0>, C4<0>, C4<0>;
L_0000020359b0a200 .functor AND 1, L_0000020359b0a270, L_0000020359b07860, C4<1>, C4<1>;
L_0000020359b09ef0 .functor AND 1, L_0000020359b07b80, L_0000020359b07c20, C4<1>, C4<1>;
L_0000020359b0a9e0 .functor OR 1, L_0000020359b0a200, L_0000020359b09ef0, C4<0>, C4<0>;
o0000020359aae498 .functor BUFZ 1, C4<z>; HiZ drive
v0000020359b05620_0 .net "CLK", 0 0, o0000020359aae498;  0 drivers
o0000020359aae4c8 .functor BUFZ 1, C4<z>; HiZ drive
v0000020359b05940_0 .net "RESET", 0 0, o0000020359aae4c8;  0 drivers
v0000020359b053a0_0 .net *"_ivl_1", 0 0, L_0000020359b07ae0;  1 drivers
v0000020359b06ca0_0 .net *"_ivl_11", 0 0, L_0000020359b090c0;  1 drivers
v0000020359b058a0_0 .net *"_ivl_17", 0 0, L_0000020359b08d00;  1 drivers
v0000020359b059e0_0 .net *"_ivl_19", 0 0, L_0000020359b08da0;  1 drivers
v0000020359b06840_0 .net *"_ivl_20", 0 0, L_0000020359b0a040;  1 drivers
v0000020359b05a80_0 .net *"_ivl_26", 0 0, L_0000020359b08b20;  1 drivers
v0000020359b068e0_0 .net *"_ivl_27", 0 0, L_0000020359b0a270;  1 drivers
v0000020359b06980_0 .net *"_ivl_3", 0 0, L_0000020359b09020;  1 drivers
v0000020359b05d00_0 .net *"_ivl_30", 0 0, L_0000020359b07860;  1 drivers
v0000020359b05b20_0 .net *"_ivl_31", 0 0, L_0000020359b0a200;  1 drivers
v0000020359b054e0_0 .net *"_ivl_34", 0 0, L_0000020359b07b80;  1 drivers
v0000020359b06160_0 .net *"_ivl_36", 0 0, L_0000020359b07c20;  1 drivers
v0000020359b06200_0 .net *"_ivl_37", 0 0, L_0000020359b09ef0;  1 drivers
v0000020359b06f20_0 .net *"_ivl_39", 0 0, L_0000020359b0a9e0;  1 drivers
v0000020359b05da0_0 .net *"_ivl_4", 0 0, L_0000020359a8fa40;  1 drivers
v0000020359b05e40_0 .net *"_ivl_7", 0 0, L_0000020359b07ea0;  1 drivers
v0000020359b05580_0 .net *"_ivl_8", 0 0, L_0000020359a8fc00;  1 drivers
v0000020359b06d40_0 .net "best_location", 1 0, L_0000020359b075e0;  1 drivers
v0000020359b063e0_0 .var "capacity", 2 0;
v0000020359b05ee0_0 .var "counter", 4 0;
v0000020359b05f80_0 .var "display_mode", 0 0;
v0000020359b06a20_0 .var "display_timer", 13 0;
v0000020359b06480_0 .var "door_open_signal", 0 0;
o0000020359aaf188 .functor BUFZ 1, C4<z>; HiZ drive
v0000020359b065c0_0 .net "entry_sensor", 0 0, o0000020359aaf188;  0 drivers
o0000020359aaf1b8 .functor BUFZ 1, C4<z>; HiZ drive
v0000020359b06ac0_0 .net "exit_sensor", 0 0, o0000020359aaf1b8;  0 drivers
v0000020359b05120_0 .var "exiting_car", 1 0;
v0000020359b051c0_0 .net "full", 0 0, L_0000020359a8fce0;  1 drivers
v0000020359b05260_0 .var "full_signal", 0 0;
v0000020359b05440_0 .var "left_display", 6 0;
v0000020359b05800_0 .net "p0_hours", 6 0, v0000020359a73e00_0;  1 drivers
v0000020359b08bc0_0 .net "p0_minutes", 6 0, v0000020359a74620_0;  1 drivers
v0000020359b07f40_0 .net "p0_seconds", 6 0, v0000020359a74440_0;  1 drivers
v0000020359b08c60_0 .var "p0_timer_enable", 0 0;
v0000020359b08760_0 .net "p1_hours", 6 0, v0000020359b06c00_0;  1 drivers
v0000020359b08120_0 .net "p1_minutes", 6 0, v0000020359b06700_0;  1 drivers
v0000020359b07a40_0 .net "p1_seconds", 6 0, v0000020359b06660_0;  1 drivers
v0000020359b07720_0 .var "p1_timer_enable", 0 0;
v0000020359b072c0_0 .net "p2_hours", 6 0, v0000020359b056c0_0;  1 drivers
v0000020359b08ee0_0 .net "p2_minutes", 6 0, v0000020359b05760_0;  1 drivers
v0000020359b077c0_0 .net "p2_seconds", 6 0, v0000020359b060c0_0;  1 drivers
v0000020359b07680_0 .var "p2_timer_enable", 0 0;
v0000020359b07e00_0 .net "p3_hours", 6 0, v0000020359b05300_0;  1 drivers
v0000020359b08a80_0 .net "p3_minutes", 6 0, v0000020359b06340_0;  1 drivers
v0000020359b08f80_0 .net "p3_seconds", 6 0, v0000020359b05bc0_0;  1 drivers
v0000020359b07540_0 .var "p3_timer_enable", 0 0;
v0000020359b07fe0_0 .var "parkings", 3 0;
v0000020359b07900_0 .var "right_display", 6 0;
v0000020359b08300_0 .var "state", 2 0;
v0000020359b08580_0 .var "temp_state", 0 0;
v0000020359b07220_0 .var "timer", 15 0;
o0000020359aaf398 .functor BUFZ 2, C4<zz>; HiZ drive
v0000020359b079a0_0 .net "vacant_parking", 1 0, o0000020359aaf398;  0 drivers
E_0000020359aa86a0 .event posedge, v0000020359a748a0_0, v0000020359a73fe0_0;
L_0000020359b07ae0 .part v0000020359b07fe0_0, 0, 1;
L_0000020359b09020 .part v0000020359b07fe0_0, 1, 1;
L_0000020359b07ea0 .part v0000020359b07fe0_0, 2, 1;
L_0000020359b090c0 .part v0000020359b07fe0_0, 3, 1;
L_0000020359b08d00 .part v0000020359b07fe0_0, 0, 1;
L_0000020359b08da0 .part v0000020359b07fe0_0, 1, 1;
L_0000020359b075e0 .concat8 [ 1 1 0 0], L_0000020359b0a9e0, L_0000020359b0a040;
L_0000020359b08b20 .part v0000020359b07fe0_0, 1, 1;
L_0000020359b07860 .part v0000020359b07fe0_0, 0, 1;
L_0000020359b07b80 .part v0000020359b07fe0_0, 2, 1;
L_0000020359b07c20 .part v0000020359b07fe0_0, 0, 1;
S_0000020359b3e530 .scope module, "p0_timer" "hsm_timer" 2 33, 3 3 0, S_0000020359a74a70;
 .timescale 0 0;
    .port_info 0 /INPUT 1 "enable";
    .port_info 1 /INPUT 1 "CLK";
    .port_info 2 /INPUT 1 "RESET";
    .port_info 3 /OUTPUT 7 "hours";
    .port_info 4 /OUTPUT 7 "minutes";
    .port_info 5 /OUTPUT 7 "seconds";
v0000020359a73fe0_0 .net "CLK", 0 0, o0000020359aae498;  alias, 0 drivers
v0000020359a748a0_0 .net "RESET", 0 0, o0000020359aae4c8;  alias, 0 drivers
v0000020359a73c20_0 .var "counter", 9 0;
v0000020359a74580_0 .net "enable", 0 0, v0000020359b08c60_0;  1 drivers
v0000020359a73e00_0 .var "hours", 6 0;
v0000020359a74620_0 .var "minutes", 6 0;
v0000020359a74440_0 .var "seconds", 6 0;
E_0000020359aa92e0 .event posedge, v0000020359a74580_0, v0000020359a748a0_0, v0000020359a73fe0_0;
S_0000020359b36670 .scope module, "p1_timer" "hsm_timer" 2 34, 3 3 0, S_0000020359a74a70;
 .timescale 0 0;
    .port_info 0 /INPUT 1 "enable";
    .port_info 1 /INPUT 1 "CLK";
    .port_info 2 /INPUT 1 "RESET";
    .port_info 3 /OUTPUT 7 "hours";
    .port_info 4 /OUTPUT 7 "minutes";
    .port_info 5 /OUTPUT 7 "seconds";
v0000020359a73ea0_0 .net "CLK", 0 0, o0000020359aae498;  alias, 0 drivers
v0000020359a74800_0 .net "RESET", 0 0, o0000020359aae4c8;  alias, 0 drivers
v0000020359a73f40_0 .var "counter", 9 0;
v0000020359b06e80_0 .net "enable", 0 0, v0000020359b07720_0;  1 drivers
v0000020359b06c00_0 .var "hours", 6 0;
v0000020359b06700_0 .var "minutes", 6 0;
v0000020359b06660_0 .var "seconds", 6 0;
E_0000020359aa8c20 .event posedge, v0000020359b06e80_0, v0000020359a748a0_0, v0000020359a73fe0_0;
S_0000020359b36800 .scope module, "p2_timer" "hsm_timer" 2 35, 3 3 0, S_0000020359a74a70;
 .timescale 0 0;
    .port_info 0 /INPUT 1 "enable";
    .port_info 1 /INPUT 1 "CLK";
    .port_info 2 /INPUT 1 "RESET";
    .port_info 3 /OUTPUT 7 "hours";
    .port_info 4 /OUTPUT 7 "minutes";
    .port_info 5 /OUTPUT 7 "seconds";
v0000020359b06020_0 .net "CLK", 0 0, o0000020359aae498;  alias, 0 drivers
v0000020359b06b60_0 .net "RESET", 0 0, o0000020359aae4c8;  alias, 0 drivers
v0000020359b067a0_0 .var "counter", 9 0;
v0000020359b06520_0 .net "enable", 0 0, v0000020359b07680_0;  1 drivers
v0000020359b056c0_0 .var "hours", 6 0;
v0000020359b05760_0 .var "minutes", 6 0;
v0000020359b060c0_0 .var "seconds", 6 0;
E_0000020359aa93a0 .event posedge, v0000020359b06520_0, v0000020359a748a0_0, v0000020359a73fe0_0;
S_0000020359b07040 .scope module, "p3_timer" "hsm_timer" 2 36, 3 3 0, S_0000020359a74a70;
 .timescale 0 0;
    .port_info 0 /INPUT 1 "enable";
    .port_info 1 /INPUT 1 "CLK";
    .port_info 2 /INPUT 1 "RESET";
    .port_info 3 /OUTPUT 7 "hours";
    .port_info 4 /OUTPUT 7 "minutes";
    .port_info 5 /OUTPUT 7 "seconds";
v0000020359b05c60_0 .net "CLK", 0 0, o0000020359aae498;  alias, 0 drivers
v0000020359b062a0_0 .net "RESET", 0 0, o0000020359aae4c8;  alias, 0 drivers
v0000020359b06de0_0 .var "counter", 9 0;
v0000020359b05080_0 .net "enable", 0 0, v0000020359b07540_0;  1 drivers
v0000020359b05300_0 .var "hours", 6 0;
v0000020359b06340_0 .var "minutes", 6 0;
v0000020359b05bc0_0 .var "seconds", 6 0;
E_0000020359aa86e0 .event posedge, v0000020359b05080_0, v0000020359a748a0_0, v0000020359a73fe0_0;
    .scope S_0000020359b3e530;
T_0 ;
    %wait E_0000020359aa92e0;
    %load/vec4 v0000020359a73fe0_0;
    %inv;
    %load/vec4 v0000020359a748a0_0;
    %inv;
    %and;
    %load/vec4 v0000020359a74580_0;
    %and;
    %flag_set/vec4 8;
    %jmp/0xz  T_0.0, 8;
    %pushi/vec4 0, 0, 7;
    %store/vec4 v0000020359a73e00_0, 0, 7;
    %pushi/vec4 0, 0, 7;
    %store/vec4 v0000020359a74620_0, 0, 7;
    %pushi/vec4 0, 0, 7;
    %store/vec4 v0000020359a74440_0, 0, 7;
    %pushi/vec4 0, 0, 10;
    %store/vec4 v0000020359a73c20_0, 0, 10;
T_0.0 ;
    %load/vec4 v0000020359a748a0_0;
    %flag_set/vec4 8;
    %jmp/0xz  T_0.2, 8;
    %pushi/vec4 0, 0, 7;
    %store/vec4 v0000020359a73e00_0, 0, 7;
    %pushi/vec4 0, 0, 7;
    %store/vec4 v0000020359a74620_0, 0, 7;
    %pushi/vec4 0, 0, 7;
    %store/vec4 v0000020359a74440_0, 0, 7;
    %pushi/vec4 0, 0, 10;
    %store/vec4 v0000020359a73c20_0, 0, 10;
    %jmp T_0.3;
T_0.2 ;
    %load/vec4 v0000020359a74580_0;
    %flag_set/vec4 8;
    %jmp/0xz  T_0.4, 8;
    %load/vec4 v0000020359a73c20_0;
    %pad/u 32;
    %cmpi/u 999, 0, 32;
    %flag_or 5, 4; GT is !LE
    %flag_inv 5;
    %jmp/0xz  T_0.6, 5;
    %load/vec4 v0000020359a74440_0;
    %addi 1, 0, 7;
    %store/vec4 v0000020359a74440_0, 0, 7;
T_0.6 ;
    %load/vec4 v0000020359a74440_0;
    %pad/u 32;
    %cmpi/u 59, 0, 32;
    %flag_or 5, 4; GT is !LE
    %flag_inv 5;
    %jmp/0xz  T_0.8, 5;
    %load/vec4 v0000020359a74620_0;
    %addi 1, 0, 7;
    %store/vec4 v0000020359a74620_0, 0, 7;
T_0.8 ;
    %load/vec4 v0000020359a74620_0;
    %pad/u 32;
    %cmpi/u 59, 0, 32;
    %flag_or 5, 4; GT is !LE
    %flag_inv 5;
    %jmp/0xz  T_0.10, 5;
    %load/vec4 v0000020359a73e00_0;
    %addi 1, 0, 7;
    %store/vec4 v0000020359a73e00_0, 0, 7;
T_0.10 ;
    %load/vec4 v0000020359a73c20_0;
    %addi 1, 0, 10;
    %store/vec4 v0000020359a73c20_0, 0, 10;
T_0.4 ;
T_0.3 ;
    %jmp T_0;
    .thread T_0;
    .scope S_0000020359b36670;
T_1 ;
    %wait E_0000020359aa8c20;
    %load/vec4 v0000020359a73ea0_0;
    %inv;
    %load/vec4 v0000020359a74800_0;
    %inv;
    %and;
    %load/vec4 v0000020359b06e80_0;
    %and;
    %flag_set/vec4 8;
    %jmp/0xz  T_1.0, 8;
    %pushi/vec4 0, 0, 7;
    %store/vec4 v0000020359b06c00_0, 0, 7;
    %pushi/vec4 0, 0, 7;
    %store/vec4 v0000020359b06700_0, 0, 7;
    %pushi/vec4 0, 0, 7;
    %store/vec4 v0000020359b06660_0, 0, 7;
    %pushi/vec4 0, 0, 10;
    %store/vec4 v0000020359a73f40_0, 0, 10;
T_1.0 ;
    %load/vec4 v0000020359a74800_0;
    %flag_set/vec4 8;
    %jmp/0xz  T_1.2, 8;
    %pushi/vec4 0, 0, 7;
    %store/vec4 v0000020359b06c00_0, 0, 7;
    %pushi/vec4 0, 0, 7;
    %store/vec4 v0000020359b06700_0, 0, 7;
    %pushi/vec4 0, 0, 7;
    %store/vec4 v0000020359b06660_0, 0, 7;
    %pushi/vec4 0, 0, 10;
    %store/vec4 v0000020359a73f40_0, 0, 10;
    %jmp T_1.3;
T_1.2 ;
    %load/vec4 v0000020359b06e80_0;
    %flag_set/vec4 8;
    %jmp/0xz  T_1.4, 8;
    %load/vec4 v0000020359a73f40_0;
    %pad/u 32;
    %cmpi/u 999, 0, 32;
    %flag_or 5, 4; GT is !LE
    %flag_inv 5;
    %jmp/0xz  T_1.6, 5;
    %load/vec4 v0000020359b06660_0;
    %addi 1, 0, 7;
    %store/vec4 v0000020359b06660_0, 0, 7;
T_1.6 ;
    %load/vec4 v0000020359b06660_0;
    %pad/u 32;
    %cmpi/u 59, 0, 32;
    %flag_or 5, 4; GT is !LE
    %flag_inv 5;
    %jmp/0xz  T_1.8, 5;
    %load/vec4 v0000020359b06700_0;
    %addi 1, 0, 7;
    %store/vec4 v0000020359b06700_0, 0, 7;
T_1.8 ;
    %load/vec4 v0000020359b06700_0;
    %pad/u 32;
    %cmpi/u 59, 0, 32;
    %flag_or 5, 4; GT is !LE
    %flag_inv 5;
    %jmp/0xz  T_1.10, 5;
    %load/vec4 v0000020359b06c00_0;
    %addi 1, 0, 7;
    %store/vec4 v0000020359b06c00_0, 0, 7;
T_1.10 ;
    %load/vec4 v0000020359a73f40_0;
    %addi 1, 0, 10;
    %store/vec4 v0000020359a73f40_0, 0, 10;
T_1.4 ;
T_1.3 ;
    %jmp T_1;
    .thread T_1;
    .scope S_0000020359b36800;
T_2 ;
    %wait E_0000020359aa93a0;
    %load/vec4 v0000020359b06020_0;
    %inv;
    %load/vec4 v0000020359b06b60_0;
    %inv;
    %and;
    %load/vec4 v0000020359b06520_0;
    %and;
    %flag_set/vec4 8;
    %jmp/0xz  T_2.0, 8;
    %pushi/vec4 0, 0, 7;
    %store/vec4 v0000020359b056c0_0, 0, 7;
    %pushi/vec4 0, 0, 7;
    %store/vec4 v0000020359b05760_0, 0, 7;
    %pushi/vec4 0, 0, 7;
    %store/vec4 v0000020359b060c0_0, 0, 7;
    %pushi/vec4 0, 0, 10;
    %store/vec4 v0000020359b067a0_0, 0, 10;
T_2.0 ;
    %load/vec4 v0000020359b06b60_0;
    %flag_set/vec4 8;
    %jmp/0xz  T_2.2, 8;
    %pushi/vec4 0, 0, 7;
    %store/vec4 v0000020359b056c0_0, 0, 7;
    %pushi/vec4 0, 0, 7;
    %store/vec4 v0000020359b05760_0, 0, 7;
    %pushi/vec4 0, 0, 7;
    %store/vec4 v0000020359b060c0_0, 0, 7;
    %pushi/vec4 0, 0, 10;
    %store/vec4 v0000020359b067a0_0, 0, 10;
    %jmp T_2.3;
T_2.2 ;
    %load/vec4 v0000020359b06520_0;
    %flag_set/vec4 8;
    %jmp/0xz  T_2.4, 8;
    %load/vec4 v0000020359b067a0_0;
    %pad/u 32;
    %cmpi/u 999, 0, 32;
    %flag_or 5, 4; GT is !LE
    %flag_inv 5;
    %jmp/0xz  T_2.6, 5;
    %load/vec4 v0000020359b060c0_0;
    %addi 1, 0, 7;
    %store/vec4 v0000020359b060c0_0, 0, 7;
T_2.6 ;
    %load/vec4 v0000020359b060c0_0;
    %pad/u 32;
    %cmpi/u 59, 0, 32;
    %flag_or 5, 4; GT is !LE
    %flag_inv 5;
    %jmp/0xz  T_2.8, 5;
    %load/vec4 v0000020359b05760_0;
    %addi 1, 0, 7;
    %store/vec4 v0000020359b05760_0, 0, 7;
T_2.8 ;
    %load/vec4 v0000020359b05760_0;
    %pad/u 32;
    %cmpi/u 59, 0, 32;
    %flag_or 5, 4; GT is !LE
    %flag_inv 5;
    %jmp/0xz  T_2.10, 5;
    %load/vec4 v0000020359b056c0_0;
    %addi 1, 0, 7;
    %store/vec4 v0000020359b056c0_0, 0, 7;
T_2.10 ;
    %load/vec4 v0000020359b067a0_0;
    %addi 1, 0, 10;
    %store/vec4 v0000020359b067a0_0, 0, 10;
T_2.4 ;
T_2.3 ;
    %jmp T_2;
    .thread T_2;
    .scope S_0000020359b07040;
T_3 ;
    %wait E_0000020359aa86e0;
    %load/vec4 v0000020359b05c60_0;
    %inv;
    %load/vec4 v0000020359b062a0_0;
    %inv;
    %and;
    %load/vec4 v0000020359b05080_0;
    %and;
    %flag_set/vec4 8;
    %jmp/0xz  T_3.0, 8;
    %pushi/vec4 0, 0, 7;
    %store/vec4 v0000020359b05300_0, 0, 7;
    %pushi/vec4 0, 0, 7;
    %store/vec4 v0000020359b06340_0, 0, 7;
    %pushi/vec4 0, 0, 7;
    %store/vec4 v0000020359b05bc0_0, 0, 7;
    %pushi/vec4 0, 0, 10;
    %store/vec4 v0000020359b06de0_0, 0, 10;
T_3.0 ;
    %load/vec4 v0000020359b062a0_0;
    %flag_set/vec4 8;
    %jmp/0xz  T_3.2, 8;
    %pushi/vec4 0, 0, 7;
    %store/vec4 v0000020359b05300_0, 0, 7;
    %pushi/vec4 0, 0, 7;
    %store/vec4 v0000020359b06340_0, 0, 7;
    %pushi/vec4 0, 0, 7;
    %store/vec4 v0000020359b05bc0_0, 0, 7;
    %pushi/vec4 0, 0, 10;
    %store/vec4 v0000020359b06de0_0, 0, 10;
    %jmp T_3.3;
T_3.2 ;
    %load/vec4 v0000020359b05080_0;
    %flag_set/vec4 8;
    %jmp/0xz  T_3.4, 8;
    %load/vec4 v0000020359b06de0_0;
    %pad/u 32;
    %cmpi/u 999, 0, 32;
    %flag_or 5, 4; GT is !LE
    %flag_inv 5;
    %jmp/0xz  T_3.6, 5;
    %load/vec4 v0000020359b05bc0_0;
    %addi 1, 0, 7;
    %store/vec4 v0000020359b05bc0_0, 0, 7;
T_3.6 ;
    %load/vec4 v0000020359b05bc0_0;
    %pad/u 32;
    %cmpi/u 59, 0, 32;
    %flag_or 5, 4; GT is !LE
    %flag_inv 5;
    %jmp/0xz  T_3.8, 5;
    %load/vec4 v0000020359b06340_0;
    %addi 1, 0, 7;
    %store/vec4 v0000020359b06340_0, 0, 7;
T_3.8 ;
    %load/vec4 v0000020359b06340_0;
    %pad/u 32;
    %cmpi/u 59, 0, 32;
    %flag_or 5, 4; GT is !LE
    %flag_inv 5;
    %jmp/0xz  T_3.10, 5;
    %load/vec4 v0000020359b05300_0;
    %addi 1, 0, 7;
    %store/vec4 v0000020359b05300_0, 0, 7;
T_3.10 ;
    %load/vec4 v0000020359b06de0_0;
    %addi 1, 0, 10;
    %store/vec4 v0000020359b06de0_0, 0, 10;
T_3.4 ;
T_3.3 ;
    %jmp T_3;
    .thread T_3;
    .scope S_0000020359a74a70;
T_4 ;
    %wait E_0000020359aa86a0;
    %load/vec4 v0000020359b05940_0;
    %flag_set/vec4 8;
    %jmp/0xz  T_4.0, 8;
    %pushi/vec4 0, 0, 3;
    %store/vec4 v0000020359b08300_0, 0, 3;
    %pushi/vec4 0, 0, 4;
    %store/vec4 v0000020359b07fe0_0, 0, 4;
    %pushi/vec4 4, 0, 3;
    %store/vec4 v0000020359b063e0_0, 0, 3;
    %pushi/vec4 0, 0, 1;
    %store/vec4 v0000020359b06480_0, 0, 1;
    %pushi/vec4 0, 0, 1;
    %store/vec4 v0000020359b05260_0, 0, 1;
    %pushi/vec4 0, 0, 1;
    %store/vec4 v0000020359b08c60_0, 0, 1;
    %pushi/vec4 0, 0, 1;
    %store/vec4 v0000020359b07720_0, 0, 1;
    %pushi/vec4 0, 0, 1;
    %store/vec4 v0000020359b07680_0, 0, 1;
    %pushi/vec4 0, 0, 1;
    %store/vec4 v0000020359b07540_0, 0, 1;
    %pushi/vec4 0, 0, 14;
    %store/vec4 v0000020359b06a20_0, 0, 14;
    %pushi/vec4 0, 0, 2;
    %store/vec4 v0000020359b05120_0, 0, 2;
    %jmp T_4.1;
T_4.0 ;
    %load/vec4 v0000020359b08300_0;
    %dup/vec4;
    %pushi/vec4 0, 0, 3;
    %cmp/u;
    %jmp/1 T_4.2, 6;
    %dup/vec4;
    %pushi/vec4 1, 0, 3;
    %cmp/u;
    %jmp/1 T_4.3, 6;
    %dup/vec4;
    %pushi/vec4 2, 0, 3;
    %cmp/u;
    %jmp/1 T_4.4, 6;
    %dup/vec4;
    %pushi/vec4 3, 0, 3;
    %cmp/u;
    %jmp/1 T_4.5, 6;
    %dup/vec4;
    %pushi/vec4 4, 0, 3;
    %cmp/u;
    %jmp/1 T_4.6, 6;
    %jmp T_4.7;
T_4.2 ;
    %pushi/vec4 0, 0, 16;
    %store/vec4 v0000020359b07220_0, 0, 16;
    %pushi/vec4 0, 0, 5;
    %store/vec4 v0000020359b05ee0_0, 0, 5;
    %load/vec4 v0000020359b065c0_0;
    %load/vec4 v0000020359b06ac0_0;
    %inv;
    %and;
    %flag_set/vec4 8;
    %jmp/0xz  T_4.8, 8;
    %load/vec4 v0000020359b051c0_0;
    %flag_set/vec4 8;
    %jmp/0xz  T_4.10, 8;
    %pushi/vec4 2, 0, 3;
    %store/vec4 v0000020359b08300_0, 0, 3;
    %pushi/vec4 1, 0, 1;
    %store/vec4 v0000020359b05260_0, 0, 1;
    %jmp T_4.11;
T_4.10 ;
    %pushi/vec4 1, 0, 3;
    %store/vec4 v0000020359b08300_0, 0, 3;
    %pushi/vec4 1, 0, 1;
    %store/vec4 v0000020359b08580_0, 0, 1;
    %pushi/vec4 1, 0, 1;
    %store/vec4 v0000020359b06480_0, 0, 1;
T_4.11 ;
T_4.8 ;
    %load/vec4 v0000020359b065c0_0;
    %inv;
    %load/vec4 v0000020359b06ac0_0;
    %and;
    %flag_set/vec4 8;
    %jmp/0xz  T_4.12, 8;
    %load/vec4 v0000020359b079a0_0;
    %parti/s 1, 1, 2;
    %inv;
    %load/vec4 v0000020359b079a0_0;
    %parti/s 1, 0, 2;
    %inv;
    %and;
    %load/vec4 v0000020359b07fe0_0;
    %parti/s 1, 0, 2;
    %and;
    %load/vec4 v0000020359b079a0_0;
    %parti/s 1, 1, 2;
    %inv;
    %load/vec4 v0000020359b079a0_0;
    %parti/s 1, 0, 2;
    %and;
    %load/vec4 v0000020359b07fe0_0;
    %parti/s 1, 1, 2;
    %and;
    %or;
    %load/vec4 v0000020359b079a0_0;
    %parti/s 1, 1, 2;
    %load/vec4 v0000020359b079a0_0;
    %parti/s 1, 0, 2;
    %inv;
    %and;
    %load/vec4 v0000020359b07fe0_0;
    %parti/s 1, 2, 3;
    %and;
    %or;
    %load/vec4 v0000020359b079a0_0;
    %parti/s 1, 1, 2;
    %load/vec4 v0000020359b079a0_0;
    %parti/s 1, 0, 2;
    %and;
    %load/vec4 v0000020359b07fe0_0;
    %parti/s 1, 3, 3;
    %and;
    %or;
    %flag_set/vec4 8;
    %jmp/0xz  T_4.14, 8;
    %pushi/vec4 1, 0, 3;
    %store/vec4 v0000020359b08300_0, 0, 3;
    %pushi/vec4 0, 0, 1;
    %store/vec4 v0000020359b08580_0, 0, 1;
    %pushi/vec4 1, 0, 1;
    %store/vec4 v0000020359b06480_0, 0, 1;
    %load/vec4 v0000020359b079a0_0;
    %dup/vec4;
    %pushi/vec4 0, 0, 2;
    %cmp/u;
    %jmp/1 T_4.16, 6;
    %dup/vec4;
    %pushi/vec4 1, 0, 2;
    %cmp/u;
    %jmp/1 T_4.17, 6;
    %dup/vec4;
    %pushi/vec4 2, 0, 2;
    %cmp/u;
    %jmp/1 T_4.18, 6;
    %dup/vec4;
    %pushi/vec4 3, 0, 2;
    %cmp/u;
    %jmp/1 T_4.19, 6;
    %jmp T_4.20;
T_4.16 ;
    %pushi/vec4 0, 0, 1;
    %store/vec4 v0000020359b08c60_0, 0, 1;
    %jmp T_4.20;
T_4.17 ;
    %pushi/vec4 0, 0, 1;
    %store/vec4 v0000020359b07720_0, 0, 1;
    %jmp T_4.20;
T_4.18 ;
    %pushi/vec4 0, 0, 1;
    %store/vec4 v0000020359b07680_0, 0, 1;
    %jmp T_4.20;
T_4.19 ;
    %pushi/vec4 0, 0, 1;
    %store/vec4 v0000020359b07540_0, 0, 1;
    %jmp T_4.20;
T_4.20 ;
    %pop/vec4 1;
    %pushi/vec4 0, 0, 1;
    %store/vec4 v0000020359b05f80_0, 0, 1;
    %pushi/vec4 0, 0, 14;
    %store/vec4 v0000020359b06a20_0, 0, 14;
    %load/vec4 v0000020359b079a0_0;
    %store/vec4 v0000020359b05120_0, 0, 2;
T_4.14 ;
T_4.12 ;
    %jmp T_4.7;
T_4.3 ;
    %load/vec4 v0000020359b07220_0;
    %addi 1, 0, 16;
    %store/vec4 v0000020359b07220_0, 0, 16;
    %load/vec4 v0000020359b07220_0;
    %pad/u 32;
    %cmpi/u 250, 0, 32;
    %flag_or 5, 4; GT is !LE
    %flag_inv 5;
    %jmp/0xz  T_4.21, 5;
    %pushi/vec4 0, 0, 16;
    %store/vec4 v0000020359b07220_0, 0, 16;
    %load/vec4 v0000020359b05ee0_0;
    %addi 1, 0, 5;
    %store/vec4 v0000020359b05ee0_0, 0, 5;
    %load/vec4 v0000020359b06480_0;
    %inv;
    %store/vec4 v0000020359b06480_0, 0, 1;
T_4.21 ;
    %load/vec4 v0000020359b05ee0_0;
    %pad/u 32;
    %cmpi/u 38, 0, 32;
    %flag_or 5, 4; GT is !LE
    %flag_inv 5;
    %jmp/0xz  T_4.23, 5;
    %load/vec4 v0000020359b08580_0;
    %flag_set/vec4 8;
    %jmp/0xz  T_4.25, 8;
    %pushi/vec4 3, 0, 3;
    %store/vec4 v0000020359b08300_0, 0, 3;
    %load/vec4 v0000020359b06d40_0;
    %dup/vec4;
    %pushi/vec4 0, 0, 2;
    %cmp/u;
    %jmp/1 T_4.27, 6;
    %dup/vec4;
    %pushi/vec4 1, 0, 2;
    %cmp/u;
    %jmp/1 T_4.28, 6;
    %dup/vec4;
    %pushi/vec4 2, 0, 2;
    %cmp/u;
    %jmp/1 T_4.29, 6;
    %dup/vec4;
    %pushi/vec4 3, 0, 2;
    %cmp/u;
    %jmp/1 T_4.30, 6;
    %jmp T_4.31;
T_4.27 ;
    %pushi/vec4 1, 0, 1;
    %store/vec4 v0000020359b08c60_0, 0, 1;
    %jmp T_4.31;
T_4.28 ;
    %pushi/vec4 1, 0, 1;
    %store/vec4 v0000020359b07720_0, 0, 1;
    %jmp T_4.31;
T_4.29 ;
    %pushi/vec4 1, 0, 1;
    %store/vec4 v0000020359b07680_0, 0, 1;
    %jmp T_4.31;
T_4.30 ;
    %pushi/vec4 1, 0, 1;
    %store/vec4 v0000020359b07540_0, 0, 1;
    %jmp T_4.31;
T_4.31 ;
    %pop/vec4 1;
    %jmp T_4.26;
T_4.25 ;
    %pushi/vec4 4, 0, 3;
    %store/vec4 v0000020359b08300_0, 0, 3;
T_4.26 ;
    %pushi/vec4 0, 0, 1;
    %store/vec4 v0000020359b06480_0, 0, 1;
T_4.23 ;
    %jmp T_4.7;
T_4.4 ;
    %load/vec4 v0000020359b07220_0;
    %addi 1, 0, 16;
    %store/vec4 v0000020359b07220_0, 0, 16;
    %load/vec4 v0000020359b07220_0;
    %pad/u 32;
    %cmpi/u 500, 0, 32;
    %flag_or 5, 4; GT is !LE
    %flag_inv 5;
    %jmp/0xz  T_4.32, 5;
    %pushi/vec4 0, 0, 16;
    %store/vec4 v0000020359b07220_0, 0, 16;
    %load/vec4 v0000020359b05ee0_0;
    %addi 1, 0, 5;
    %store/vec4 v0000020359b05ee0_0, 0, 5;
    %load/vec4 v0000020359b05260_0;
    %inv;
    %store/vec4 v0000020359b05260_0, 0, 1;
T_4.32 ;
    %load/vec4 v0000020359b05ee0_0;
    %pad/u 32;
    %cmpi/u 4, 0, 32;
    %flag_or 5, 4; GT is !LE
    %flag_inv 5;
    %jmp/0xz  T_4.34, 5;
    %pushi/vec4 0, 0, 3;
    %store/vec4 v0000020359b08300_0, 0, 3;
    %pushi/vec4 0, 0, 1;
    %store/vec4 v0000020359b05260_0, 0, 1;
T_4.34 ;
    %jmp T_4.7;
T_4.5 ;
    %load/vec4 v0000020359b07fe0_0;
    %parti/s 1, 3, 3;
    %load/vec4 v0000020359b07fe0_0;
    %parti/s 1, 0, 2;
    %load/vec4 v0000020359b07fe0_0;
    %parti/s 1, 1, 2;
    %and;
    %load/vec4 v0000020359b07fe0_0;
    %parti/s 1, 2, 3;
    %and;
    %or;
    %ix/load 4, 3, 0;
    %flag_set/imm 4, 0;
    %store/vec4 v0000020359b07fe0_0, 4, 1;
    %load/vec4 v0000020359b07fe0_0;
    %parti/s 1, 2, 3;
    %load/vec4 v0000020359b07fe0_0;
    %parti/s 1, 0, 2;
    %load/vec4 v0000020359b07fe0_0;
    %parti/s 1, 1, 2;
    %and;
    %or;
    %ix/load 4, 2, 0;
    %flag_set/imm 4, 0;
    %store/vec4 v0000020359b07fe0_0, 4, 1;
    %load/vec4 v0000020359b07fe0_0;
    %parti/s 1, 1, 2;
    %load/vec4 v0000020359b07fe0_0;
    %parti/s 1, 0, 2;
    %or;
    %ix/load 4, 1, 0;
    %flag_set/imm 4, 0;
    %store/vec4 v0000020359b07fe0_0, 4, 1;
    %pushi/vec4 1, 0, 1;
    %ix/load 4, 0, 0;
    %flag_set/imm 4, 0;
    %store/vec4 v0000020359b07fe0_0, 4, 1;
    %load/vec4 v0000020359b063e0_0;
    %subi 1, 0, 3;
    %store/vec4 v0000020359b063e0_0, 0, 3;
    %pushi/vec4 0, 0, 3;
    %store/vec4 v0000020359b08300_0, 0, 3;
    %jmp T_4.7;
T_4.6 ;
    %load/vec4 v0000020359b07fe0_0;
    %parti/s 1, 0, 2;
    %load/vec4 v0000020359b079a0_0;
    %parti/s 1, 1, 2;
    %inv;
    %load/vec4 v0000020359b079a0_0;
    %parti/s 1, 0, 2;
    %inv;
    %and;
    %inv;
    %and;
    %ix/load 4, 0, 0;
    %flag_set/imm 4, 0;
    %store/vec4 v0000020359b07fe0_0, 4, 1;
    %load/vec4 v0000020359b07fe0_0;
    %parti/s 1, 1, 2;
    %load/vec4 v0000020359b079a0_0;
    %parti/s 1, 1, 2;
    %inv;
    %load/vec4 v0000020359b079a0_0;
    %parti/s 1, 0, 2;
    %and;
    %inv;
    %and;
    %ix/load 4, 1, 0;
    %flag_set/imm 4, 0;
    %store/vec4 v0000020359b07fe0_0, 4, 1;
    %load/vec4 v0000020359b07fe0_0;
    %parti/s 1, 2, 3;
    %load/vec4 v0000020359b079a0_0;
    %parti/s 1, 1, 2;
    %load/vec4 v0000020359b079a0_0;
    %parti/s 1, 0, 2;
    %inv;
    %and;
    %inv;
    %and;
    %ix/load 4, 2, 0;
    %flag_set/imm 4, 0;
    %store/vec4 v0000020359b07fe0_0, 4, 1;
    %load/vec4 v0000020359b07fe0_0;
    %parti/s 1, 3, 3;
    %load/vec4 v0000020359b079a0_0;
    %parti/s 1, 1, 2;
    %load/vec4 v0000020359b079a0_0;
    %parti/s 1, 0, 2;
    %and;
    %inv;
    %and;
    %ix/load 4, 3, 0;
    %flag_set/imm 4, 0;
    %store/vec4 v0000020359b07fe0_0, 4, 1;
    %load/vec4 v0000020359b063e0_0;
    %addi 1, 0, 3;
    %store/vec4 v0000020359b063e0_0, 0, 3;
    %pushi/vec4 0, 0, 3;
    %store/vec4 v0000020359b08300_0, 0, 3;
    %jmp T_4.7;
T_4.7 ;
    %pop/vec4 1;
    %load/vec4 v0000020359b05f80_0;
    %cmpi/e 1, 0, 1;
    %jmp/0xz  T_4.36, 4;
    %load/vec4 v0000020359b063e0_0;
    %pad/u 32;
    %cmpi/e 0, 0, 32;
    %jmp/0xz  T_4.38, 4;
    %pushi/vec4 0, 0, 7;
    %store/vec4 v0000020359b05440_0, 0, 7;
    %jmp T_4.39;
T_4.38 ;
    %pushi/vec4 0, 0, 4;
    %load/vec4 v0000020359b063e0_0;
    %concat/vec4; draw_concat_vec4
    %store/vec4 v0000020359b05440_0, 0, 7;
    %pushi/vec4 0, 0, 5;
    %load/vec4 v0000020359b06d40_0;
    %concat/vec4; draw_concat_vec4
    %store/vec4 v0000020359b07900_0, 0, 7;
T_4.39 ;
    %jmp T_4.37;
T_4.36 ;
    %load/vec4 v0000020359b05f80_0;
    %cmpi/e 0, 0, 1;
    %jmp/0xz  T_4.40, 4;
    %load/vec4 v0000020359b06a20_0;
    %pad/u 32;
    %cmpi/u 15000, 0, 32;
    %jmp/0xz  T_4.42, 5;
    %load/vec4 v0000020359b05120_0;
    %dup/vec4;
    %pushi/vec4 0, 0, 2;
    %cmp/u;
    %jmp/1 T_4.44, 6;
    %dup/vec4;
    %pushi/vec4 1, 0, 2;
    %cmp/u;
    %jmp/1 T_4.45, 6;
    %dup/vec4;
    %pushi/vec4 2, 0, 2;
    %cmp/u;
    %jmp/1 T_4.46, 6;
    %dup/vec4;
    %pushi/vec4 3, 0, 2;
    %cmp/u;
    %jmp/1 T_4.47, 6;
    %jmp T_4.48;
T_4.44 ;
    %load/vec4 v0000020359b05800_0;
    %store/vec4 v0000020359b05440_0, 0, 7;
    %load/vec4 v0000020359b08bc0_0;
    %store/vec4 v0000020359b07900_0, 0, 7;
    %jmp T_4.48;
T_4.45 ;
    %load/vec4 v0000020359b08760_0;
    %store/vec4 v0000020359b05440_0, 0, 7;
    %load/vec4 v0000020359b08120_0;
    %store/vec4 v0000020359b07900_0, 0, 7;
    %jmp T_4.48;
T_4.46 ;
    %load/vec4 v0000020359b072c0_0;
    %store/vec4 v0000020359b05440_0, 0, 7;
    %load/vec4 v0000020359b08ee0_0;
    %store/vec4 v0000020359b07900_0, 0, 7;
    %jmp T_4.48;
T_4.47 ;
    %load/vec4 v0000020359b07e00_0;
    %store/vec4 v0000020359b05440_0, 0, 7;
    %load/vec4 v0000020359b08a80_0;
    %store/vec4 v0000020359b07900_0, 0, 7;
    %jmp T_4.48;
T_4.48 ;
    %pop/vec4 1;
    %jmp T_4.43;
T_4.42 ;
    %pushi/vec4 1, 0, 1;
    %store/vec4 v0000020359b05f80_0, 0, 1;
T_4.43 ;
    %load/vec4 v0000020359b06a20_0;
    %addi 1, 0, 14;
    %store/vec4 v0000020359b06a20_0, 0, 14;
T_4.40 ;
T_4.37 ;
T_4.1 ;
    %jmp T_4;
    .thread T_4;
# The file index is used to find the file name in the following table.
:file_names 4;
    "N/A";
    "<interactive>";
    "control_fsm.v";
    "./hsm_timer.v";
