#! /c/Source/iverilog-install/bin/vvp
:ivl_version "12.0 (devel)" "(s20150603-1539-g2693dd32b)";
:ivl_delay_selection "TYPICAL";
:vpi_time_precision + 0;
:vpi_module "C:\iverilog\lib\ivl\system.vpi";
:vpi_module "C:\iverilog\lib\ivl\vhdl_sys.vpi";
:vpi_module "C:\iverilog\lib\ivl\vhdl_textio.vpi";
:vpi_module "C:\iverilog\lib\ivl\v2005_math.vpi";
:vpi_module "C:\iverilog\lib\ivl\va_math.vpi";
S_000001e148bb6740 .scope module, "hsm_timer" "hsm_timer" 2 3;
 .timescale 0 0;
    .port_info 0 /INPUT 1 "enable";
    .port_info 1 /INPUT 1 "CLK";
    .port_info 2 /INPUT 1 "RESET";
    .port_info 3 /OUTPUT 7 "hours";
    .port_info 4 /OUTPUT 7 "minutes";
    .port_info 5 /OUTPUT 7 "seconds";
o000001e148ad6fd8 .functor BUFZ 1, C4<z>; HiZ drive
v000001e148bb6940_0 .net "CLK", 0 0, o000001e148ad6fd8;  0 drivers
o000001e148ad7008 .functor BUFZ 1, C4<z>; HiZ drive
v000001e148bb69e0_0 .net "RESET", 0 0, o000001e148ad7008;  0 drivers
v000001e148ad2d50_0 .var "counter", 9 0;
o000001e148ad7068 .functor BUFZ 1, C4<z>; HiZ drive
v000001e148ad2df0_0 .net "enable", 0 0, o000001e148ad7068;  0 drivers
v000001e148ad2e90_0 .var "hours", 6 0;
v000001e148ad2f30_0 .var "minutes", 6 0;
v000001e148ad2fd0_0 .var "seconds", 6 0;
E_000001e148bbc540 .event posedge, v000001e148bb69e0_0, v000001e148bb6940_0;
    .scope S_000001e148bb6740;
T_0 ;
    %wait E_000001e148bbc540;
    %load/vec4 v000001e148bb69e0_0;
    %flag_set/vec4 8;
    %jmp/0xz  T_0.0, 8;
    %pushi/vec4 0, 0, 7;
    %store/vec4 v000001e148ad2e90_0, 0, 7;
    %pushi/vec4 0, 0, 7;
    %store/vec4 v000001e148ad2f30_0, 0, 7;
    %pushi/vec4 0, 0, 7;
    %store/vec4 v000001e148ad2fd0_0, 0, 7;
    %pushi/vec4 0, 0, 10;
    %store/vec4 v000001e148ad2d50_0, 0, 10;
    %jmp T_0.1;
T_0.0 ;
    %load/vec4 v000001e148ad2df0_0;
    %flag_set/vec4 8;
    %jmp/0xz  T_0.2, 8;
    %load/vec4 v000001e148ad2d50_0;
    %pad/u 32;
    %cmpi/u 999, 0, 32;
    %flag_or 5, 4; GT is !LE
    %flag_inv 5;
    %jmp/0xz  T_0.4, 5;
    %load/vec4 v000001e148ad2fd0_0;
    %addi 1, 0, 7;
    %store/vec4 v000001e148ad2fd0_0, 0, 7;
T_0.4 ;
    %load/vec4 v000001e148ad2fd0_0;
    %pad/u 32;
    %cmpi/u 59, 0, 32;
    %flag_or 5, 4; GT is !LE
    %flag_inv 5;
    %jmp/0xz  T_0.6, 5;
    %load/vec4 v000001e148ad2f30_0;
    %addi 1, 0, 7;
    %store/vec4 v000001e148ad2f30_0, 0, 7;
T_0.6 ;
    %load/vec4 v000001e148ad2f30_0;
    %pad/u 32;
    %cmpi/u 59, 0, 32;
    %flag_or 5, 4; GT is !LE
    %flag_inv 5;
    %jmp/0xz  T_0.8, 5;
    %load/vec4 v000001e148ad2e90_0;
    %addi 1, 0, 7;
    %store/vec4 v000001e148ad2e90_0, 0, 7;
T_0.8 ;
    %load/vec4 v000001e148ad2d50_0;
    %addi 1, 0, 10;
    %store/vec4 v000001e148ad2d50_0, 0, 10;
T_0.2 ;
T_0.1 ;
    %jmp T_0;
    .thread T_0;
# The file index is used to find the file name in the following table.
:file_names 3;
    "N/A";
    "<interactive>";
    "hsm_timer.v";
